Archive member included to satisfy reference by file (symbol)

/usr/local/gcc_arm/gcc-arm-none-eabi-5_4-2016q2/bin/../lib/gcc/arm-none-eabi/5.4.1/../../../../arm-none-eabi/lib/armv7-m/libc_nano.a(lib_a-calloc.o)
                              build/bits.o (calloc)
/usr/local/gcc_arm/gcc-arm-none-eabi-5_4-2016q2/bin/../lib/gcc/arm-none-eabi/5.4.1/../../../../arm-none-eabi/lib/armv7-m/libc_nano.a(lib_a-exit.o)
                              /usr/local/gcc_arm/gcc-arm-none-eabi-5_4-2016q2/bin/../lib/gcc/arm-none-eabi/5.4.1/../../../../arm-none-eabi/lib/armv7-m/crt0.o (exit)
/usr/local/gcc_arm/gcc-arm-none-eabi-5_4-2016q2/bin/../lib/gcc/arm-none-eabi/5.4.1/../../../../arm-none-eabi/lib/armv7-m/libc_nano.a(lib_a-impure.o)
                              /usr/local/gcc_arm/gcc-arm-none-eabi-5_4-2016q2/bin/../lib/gcc/arm-none-eabi/5.4.1/../../../../arm-none-eabi/lib/armv7-m/libc_nano.a(lib_a-exit.o) (_global_impure_ptr)
/usr/local/gcc_arm/gcc-arm-none-eabi-5_4-2016q2/bin/../lib/gcc/arm-none-eabi/5.4.1/../../../../arm-none-eabi/lib/armv7-m/libc_nano.a(lib_a-init.o)
                              /usr/local/gcc_arm/gcc-arm-none-eabi-5_4-2016q2/bin/../lib/gcc/arm-none-eabi/5.4.1/../../../../arm-none-eabi/lib/armv7-m/crt0.o (__libc_init_array)
/usr/local/gcc_arm/gcc-arm-none-eabi-5_4-2016q2/bin/../lib/gcc/arm-none-eabi/5.4.1/../../../../arm-none-eabi/lib/armv7-m/libc_nano.a(lib_a-malloc.o)
                              build/bits.o (free)
/usr/local/gcc_arm/gcc-arm-none-eabi-5_4-2016q2/bin/../lib/gcc/arm-none-eabi/5.4.1/../../../../arm-none-eabi/lib/armv7-m/libc_nano.a(lib_a-memcpy-stub.o)
                              build/buffer.o (memcpy)
/usr/local/gcc_arm/gcc-arm-none-eabi-5_4-2016q2/bin/../lib/gcc/arm-none-eabi/5.4.1/../../../../arm-none-eabi/lib/armv7-m/libc_nano.a(lib_a-memmove.o)
                              build/bits.o (memmove)
/usr/local/gcc_arm/gcc-arm-none-eabi-5_4-2016q2/bin/../lib/gcc/arm-none-eabi/5.4.1/../../../../arm-none-eabi/lib/armv7-m/libc_nano.a(lib_a-memset.o)
                              /usr/local/gcc_arm/gcc-arm-none-eabi-5_4-2016q2/bin/../lib/gcc/arm-none-eabi/5.4.1/../../../../arm-none-eabi/lib/armv7-m/crt0.o (memset)
/usr/local/gcc_arm/gcc-arm-none-eabi-5_4-2016q2/bin/../lib/gcc/arm-none-eabi/5.4.1/../../../../arm-none-eabi/lib/armv7-m/libc_nano.a(lib_a-nano-callocr.o)
                              /usr/local/gcc_arm/gcc-arm-none-eabi-5_4-2016q2/bin/../lib/gcc/arm-none-eabi/5.4.1/../../../../arm-none-eabi/lib/armv7-m/libc_nano.a(lib_a-calloc.o) (_calloc_r)
/usr/local/gcc_arm/gcc-arm-none-eabi-5_4-2016q2/bin/../lib/gcc/arm-none-eabi/5.4.1/../../../../arm-none-eabi/lib/armv7-m/libc_nano.a(lib_a-nano-freer.o)
                              /usr/local/gcc_arm/gcc-arm-none-eabi-5_4-2016q2/bin/../lib/gcc/arm-none-eabi/5.4.1/../../../../arm-none-eabi/lib/armv7-m/libc_nano.a(lib_a-malloc.o) (_free_r)
/usr/local/gcc_arm/gcc-arm-none-eabi-5_4-2016q2/bin/../lib/gcc/arm-none-eabi/5.4.1/../../../../arm-none-eabi/lib/armv7-m/libc_nano.a(lib_a-nano-mallocr.o)
                              /usr/local/gcc_arm/gcc-arm-none-eabi-5_4-2016q2/bin/../lib/gcc/arm-none-eabi/5.4.1/../../../../arm-none-eabi/lib/armv7-m/libc_nano.a(lib_a-malloc.o) (_malloc_r)
/usr/local/gcc_arm/gcc-arm-none-eabi-5_4-2016q2/bin/../lib/gcc/arm-none-eabi/5.4.1/../../../../arm-none-eabi/lib/armv7-m/libc_nano.a(lib_a-printf.o)
                              build/main.o (printf)
/usr/local/gcc_arm/gcc-arm-none-eabi-5_4-2016q2/bin/../lib/gcc/arm-none-eabi/5.4.1/../../../../arm-none-eabi/lib/armv7-m/libc_nano.a(lib_a-realloc.o)
                              build/bits.o (realloc)
/usr/local/gcc_arm/gcc-arm-none-eabi-5_4-2016q2/bin/../lib/gcc/arm-none-eabi/5.4.1/../../../../arm-none-eabi/lib/armv7-m/libc_nano.a(lib_a-sbrkr.o)
                              /usr/local/gcc_arm/gcc-arm-none-eabi-5_4-2016q2/bin/../lib/gcc/arm-none-eabi/5.4.1/../../../../arm-none-eabi/lib/armv7-m/libc_nano.a(lib_a-nano-mallocr.o) (_sbrk_r)
/usr/local/gcc_arm/gcc-arm-none-eabi-5_4-2016q2/bin/../lib/gcc/arm-none-eabi/5.4.1/../../../../arm-none-eabi/lib/armv7-m/libc_nano.a(lib_a-findfp.o)
                              /usr/local/gcc_arm/gcc-arm-none-eabi-5_4-2016q2/bin/../lib/gcc/arm-none-eabi/5.4.1/../../../../arm-none-eabi/lib/armv7-m/libc_nano.a(lib_a-printf.o) (__sinit)
/usr/local/gcc_arm/gcc-arm-none-eabi-5_4-2016q2/bin/../lib/gcc/arm-none-eabi/5.4.1/../../../../arm-none-eabi/lib/armv7-m/libc_nano.a(lib_a-fwalk.o)
                              /usr/local/gcc_arm/gcc-arm-none-eabi-5_4-2016q2/bin/../lib/gcc/arm-none-eabi/5.4.1/../../../../arm-none-eabi/lib/armv7-m/libc_nano.a(lib_a-findfp.o) (_fwalk)
/usr/local/gcc_arm/gcc-arm-none-eabi-5_4-2016q2/bin/../lib/gcc/arm-none-eabi/5.4.1/../../../../arm-none-eabi/lib/armv7-m/libc_nano.a(lib_a-mlock.o)
                              /usr/local/gcc_arm/gcc-arm-none-eabi-5_4-2016q2/bin/../lib/gcc/arm-none-eabi/5.4.1/../../../../arm-none-eabi/lib/armv7-m/libc_nano.a(lib_a-nano-freer.o) (__malloc_lock)
[...]
Memory Configuration

Name             Origin             Length             Attributes
RAM              0x0000000020000000 0x0000000000005000 xrw
FLASH            0x0000000008000000 0x0000000000020000 xr
*default*        0x0000000000000000 0xffffffffffffffff

Linker script and memory map

LOAD /usr/local/gcc_arm/gcc-arm-none-eabi-5_4-2016q2/bin/../lib/gcc/arm-none-eabi/5.4.1/armv7-m/crti.o
LOAD /usr/local/gcc_arm/gcc-arm-none-eabi-5_4-2016q2/bin/../lib/gcc/arm-none-eabi/5.4.1/armv7-m/crtbegin.o
LOAD /usr/local/gcc_arm/gcc-arm-none-eabi-5_4-2016q2/bin/../lib/gcc/arm-none-eabi/5.4.1/../../../../arm-none-eabi/lib/armv7-m/crt0.o
LOAD build/system_stm32f1xx.o
LOAD build/stm32f1xx_hal.o
LOAD build/stm32f1xx_hal_cortex.o
LOAD build/stm32f1xx_hal_dma.o
LOAD build/stm32f1xx_hal_flash.o
LOAD build/stm32f1xx_hal_flash_ex.o
LOAD build/stm32f1xx_hal_gpio.o
LOAD build/stm32f1xx_hal_gpio_ex.o
LOAD build/stm32f1xx_hal_pwr.o
LOAD build/stm32f1xx_hal_rcc.o
LOAD build/stm32f1xx_hal_rcc_ex.o
LOAD build/stm32f1xx_hal_tim.o
LOAD build/stm32f1xx_hal_tim_ex.o
LOAD build/stm32f1xx_hal_i2c.o
LOAD build/main.o
LOAD build/stm32f1xx_hal_msp.o
LOAD build/stm32f1xx_it.o
LOAD build/bits.o
LOAD build/buffer.o
LOAD build/exc_10_16_table.o
LOAD build/exc_10_32_table.o
LOAD build/exc_20_32_table.o
LOAD build/exc_5_256_table.o
LOAD build/exc_5_64_table.o
LOAD build/exc_8_128_table.o
LOAD build/fftwrap.o
LOAD build/filterbank.o
LOAD build/gain_table.o
LOAD build/gain_table_lbr.o
LOAD build/hexc_10_32_table.o
LOAD build/hexc_table.o
LOAD build/high_lsp_tables.o
LOAD build/jitter.o
LOAD build/kiss_fft.o
LOAD build/kiss_fftr.o
LOAD build/lpc.o
LOAD build/lsp.o
LOAD build/lsp_tables_nb.o
LOAD build/mdf.o
LOAD build/modes_wb.o
LOAD build/preprocess.o
LOAD build/resample.o
LOAD build/sb_celp.o
LOAD build/smallft.o
LOAD build/speex.o
LOAD build/speex_callbacks.o
LOAD build/speex_header.o
LOAD build/stereo.o
LOAD build/testdenoise.o
LOAD build/testecho.o
LOAD build/testenc.o
LOAD build/testenc_uwb.o
LOAD build/testenc_wb.o
LOAD build/vbr.o
LOAD build/window.o
LOAD build/cb_search.o
LOAD build/filters.o
LOAD build/ltp.o
LOAD build/modes.o
LOAD build/nb_celp.o
LOAD build/quant_lsp.o
LOAD build/vq.o
LOAD build/startup_stm32f103xb.o
LOAD build/filters_cortexM3.o
LOAD build/ltp_cortexM3.o
LOAD build/vq_cortexm3.o
LOAD /usr/local/gcc_arm/gcc-arm-none-eabi-5_4-2016q2/bin/../lib/gcc/arm-none-eabi/5.4.1/../../../../arm-none-eabi/lib/armv7-m/libc_nano.a
LOAD /usr/local/gcc_arm/gcc-arm-none-eabi-5_4-2016q2/bin/../lib/gcc/arm-none-eabi/5.4.1/../../../../arm-none-eabi/lib/armv7-m/libm.a
LOAD /usr/local/gcc_arm/gcc-arm-none-eabi-5_4-2016q2/bin/../lib/gcc/arm-none-eabi/5.4.1/../../../../arm-none-eabi/lib/armv7-m/libnosys.a
START GROUP
LOAD /usr/local/gcc_arm/gcc-arm-none-eabi-5_4-2016q2/bin/../lib/gcc/arm-none-eabi/5.4.1/armv7-m/libgcc.a
LOAD /usr/local/gcc_arm/gcc-arm-none-eabi-5_4-2016q2/bin/../lib/gcc/arm-none-eabi/5.4.1/../../../../arm-none-eabi/lib/armv7-m/libc_nano.a
END GROUP
START GROUP
LOAD /usr/local/gcc_arm/gcc-arm-none-eabi-5_4-2016q2/bin/../lib/gcc/arm-none-eabi/5.4.1/armv7-m/libgcc.a
LOAD /usr/local/gcc_arm/gcc-arm-none-eabi-5_4-2016q2/bin/../lib/gcc/arm-none-eabi/5.4.1/../../../../arm-none-eabi/lib/armv7-m/libc_nano.a
END GROUP
LOAD /usr/local/gcc_arm/gcc-arm-none-eabi-5_4-2016q2/bin/../lib/gcc/arm-none-eabi/5.4.1/armv7-m/crtend.o
LOAD /usr/local/gcc_arm/gcc-arm-none-eabi-5_4-2016q2/bin/../lib/gcc/arm-none-eabi/5.4.1/armv7-m/crtn.o
                0x0000000020005000                _estack = 0x20005000
                0x0000000000000200                _Min_Heap_Size = 0x200
                0x0000000000000400                _Min_Stack_Size = 0x400

.isr_vector     0x0000000008000000      0x10c
                0x0000000008000000                . = ALIGN (0x4)
 *(.isr_vector)
 .isr_vector    0x0000000008000000      0x10c build/startup_stm32f103xb.o
                0x0000000008000000                g_pfnVectors
                0x000000000800010c                . = ALIGN (0x4)

.text           0x0000000008000110    0x10420
                0x0000000008000110                . = ALIGN (0x4)
 *(.text)
 .text          0x0000000008000110       0x5c /usr/local/gcc_arm/gcc-arm-none-eabi-5_4-2016q2/bin/../lib/gcc/arm-none-eabi/5.4.1/armv7-m/crtbegin.o
 .text          0x000000000800016c      0x2b4 build/filters_cortexM3.o
                0x000000000800016c                filter_mem16
                0x0000000008000292                iir_mem16
                0x000000000800035c                fir_mem16
 .text          0x0000000008000420      0x23e build/ltp_cortexM3.o
                0x0000000008000420                inner_prod
 .text          0x000000000800065e       0xaa build/vq_cortexm3.o
                0x000000000800065e                vq_nbest
 .text          0x0000000008000708      0x370 /usr/local/gcc_arm/gcc-arm-none-eabi-5_4-2016q2/bin/../lib/gcc/arm-none-eabi/5.4.1/armv7-m/libgcc.a(_arm_addsubdf3.o)
                0x0000000008000708                __aeabi_drsub
                0x0000000008000710                __subdf3
                0x0000000008000710                __aeabi_dsub
                0x0000000008000714                __aeabi_dadd
                0x0000000008000714                __adddf3
                0x000000000800098c                __aeabi_ui2d
                0x000000000800098c                __floatunsidf
                0x00000000080009ac                __floatsidf
                0x00000000080009ac                __aeabi_i2d
                0x00000000080009d0                __extendsfdf2
                0x00000000080009d0                __aeabi_f2d
                0x0000000008000a0c                __aeabi_ul2d
                0x0000000008000a0c                __floatundidf
                0x0000000008000a1c                __aeabi_l2d
                0x0000000008000a1c                __floatdidf
 .text          0x0000000008000a78      0x424 /usr/local/gcc_arm/gcc-arm-none-eabi-5_4-2016q2/bin/../lib/gcc/arm-none-eabi/5.4.1/armv7-m/libgcc.a(_arm_muldivdf3.o)
                0x0000000008000a78                __aeabi_dmul
                0x0000000008000a78                __muldf3
                0x0000000008000ccc                __aeabi_ddiv
                0x0000000008000ccc                __divdf3
 .text          0x0000000008000e9c      0x110 /usr/local/gcc_arm/gcc-arm-none-eabi-5_4-2016q2/bin/../lib/gcc/arm-none-eabi/5.4.1/armv7-m/libgcc.a(_arm_cmpdf2.o)
                0x0000000008000e9c                __gtdf2
                0x0000000008000e9c                __gedf2
                0x0000000008000ea4                __ltdf2
                0x0000000008000ea4                __ledf2
                0x0000000008000eac                __eqdf2
                0x0000000008000eac                __nedf2
                0x0000000008000eac                __cmpdf2
                0x0000000008000f28                __aeabi_cdrcmple
                0x0000000008000f38                __aeabi_cdcmple
                0x0000000008000f38                __aeabi_cdcmpeq
                0x0000000008000f48                __aeabi_dcmpeq
                0x0000000008000f5c                __aeabi_dcmplt
                0x0000000008000f70                __aeabi_dcmple
                0x0000000008000f84                __aeabi_dcmpge
                0x0000000008000f98                __aeabi_dcmpgt
 .text          0x0000000008000fac       0x50 /usr/local/gcc_arm/gcc-arm-none-eabi-5_4-2016q2/bin/../lib/gcc/arm-none-eabi/5.4.1/armv7-m/libgcc.a(_arm_fixdfsi.o)
                0x0000000008000fac                __fixdfsi
                0x0000000008000fac                __aeabi_d2iz
 .text          0x0000000008000ffc      0x21c /usr/local/gcc_arm/gcc-arm-none-eabi-5_4-2016q2/bin/../lib/gcc/arm-none-eabi/5.4.1/armv7-m/libgcc.a(_arm_addsubsf3.o)
                0x0000000008000ffc                __aeabi_frsub
                0x0000000008001004                __aeabi_fsub
                0x0000000008001004                __subsf3
                0x0000000008001008                __aeabi_fadd
                0x0000000008001008                __addsf3
                0x0000000008001168                __aeabi_ui2f
                0x0000000008001168                __floatunsisf
                0x0000000008001170                __floatsisf
                0x0000000008001170                __aeabi_i2f
                0x000000000800118c                __aeabi_ul2f
                0x000000000800118c                __floatundisf
                0x000000000800119c                __aeabi_l2f
                0x000000000800119c                __floatdisf
 .text          0x0000000008001218      0x2a0 /usr/local/gcc_arm/gcc-arm-none-eabi-5_4-2016q2/bin/../lib/gcc/arm-none-eabi/5.4.1/armv7-m/libgcc.a(_arm_muldivsf3.o)
                0x0000000008001218                __mulsf3
                0x0000000008001218                __aeabi_fmul
                0x0000000008001380                __divsf3
                0x0000000008001380                __aeabi_fdiv
 *(.text*)
 .text.SystemInit
                0x00000000080014b8       0x68 build/system_stm32f1xx.o
                0x00000000080014b8                SystemInit
 .text.HAL_Init
                0x0000000008001520       0x2c build/stm32f1xx_hal.o
                0x0000000008001520                HAL_Init
 .text.HAL_InitTick
                0x000000000800154c       0x38 build/stm32f1xx_hal.o
                0x000000000800154c                HAL_InitTick
 .text.HAL_IncTick
                0x0000000008001584       0x1c build/stm32f1xx_hal.o
                0x0000000008001584                HAL_IncTick
 .text.HAL_GetTick
                0x00000000080015a0       0x14 build/stm32f1xx_hal.o
                0x00000000080015a0                HAL_GetTick
 .text.HAL_Delay
                0x00000000080015b4       0x2c build/stm32f1xx_hal.o
                0x00000000080015b4                HAL_Delay
 .text.NVIC_SetPriorityGrouping
                0x00000000080015e0       0x48 build/stm32f1xx_hal_cortex.o
 .text.NVIC_GetPriorityGrouping
                0x0000000008001628       0x1c build/stm32f1xx_hal_cortex.o
 .text.NVIC_EnableIRQ
                0x0000000008001644       0x30 build/stm32f1xx_hal_cortex.o
 .text.NVIC_SetPriority
                0x0000000008001674       0x54 build/stm32f1xx_hal_cortex.o
 .text.NVIC_EncodePriority
                0x00000000080016c8       0x60 build/stm32f1xx_hal_cortex.o
 .text.SysTick_Config
                0x0000000008001728       0x44 build/stm32f1xx_hal_cortex.o
 .text.HAL_NVIC_SetPriorityGrouping
                0x000000000800176c       0x18 build/stm32f1xx_hal_cortex.o
                0x000000000800176c                HAL_NVIC_SetPriorityGrouping
 .text.HAL_NVIC_SetPriority
                0x0000000008001784       0x38 build/stm32f1xx_hal_cortex.o
                0x0000000008001784                HAL_NVIC_SetPriority
 .text.HAL_NVIC_EnableIRQ
                0x00000000080017bc       0x1c build/stm32f1xx_hal_cortex.o
                0x00000000080017bc                HAL_NVIC_EnableIRQ
 .text.HAL_SYSTICK_Config
                0x00000000080017d8       0x18 build/stm32f1xx_hal_cortex.o
                0x00000000080017d8                HAL_SYSTICK_Config
 .text.HAL_SYSTICK_CLKSourceConfig
                0x00000000080017f0       0x38 build/stm32f1xx_hal_cortex.o
                0x00000000080017f0                HAL_SYSTICK_CLKSourceConfig
 .text.HAL_SYSTICK_IRQHandler
                0x0000000008001828        0xc build/stm32f1xx_hal_cortex.o
                0x0000000008001828                HAL_SYSTICK_IRQHandler
 .text.HAL_SYSTICK_Callback
                0x0000000008001834        0xc build/stm32f1xx_hal_cortex.o
                0x0000000008001834                HAL_SYSTICK_Callback
 .text.HAL_GPIO_Init
                0x0000000008001840      0x2bc build/stm32f1xx_hal_gpio.o
                0x0000000008001840                HAL_GPIO_Init
 .text.HAL_GPIO_WritePin
                0x0000000008001afc       0x30 build/stm32f1xx_hal_gpio.o
                0x0000000008001afc                HAL_GPIO_WritePin
 .text.HAL_GPIO_TogglePin
                0x0000000008001b2c       0x24 build/stm32f1xx_hal_gpio.o
                0x0000000008001b2c                HAL_GPIO_TogglePin
 .text.HAL_RCC_OscConfig
                0x0000000008001b50      0xe40 build/stm32f1xx_hal_rcc.o
                0x0000000008001b50                HAL_RCC_OscConfig
 .text.HAL_RCC_ClockConfig
                0x0000000008002990      0x378 build/stm32f1xx_hal_rcc.o
                0x0000000008002990                HAL_RCC_ClockConfig
 .text.HAL_RCC_GetSysClockFreq
                0x0000000008002d08       0xf4 build/stm32f1xx_hal_rcc.o
                0x0000000008002d08                HAL_RCC_GetSysClockFreq
 .text.HAL_RCC_GetHCLKFreq
                0x0000000008002dfc       0x14 build/stm32f1xx_hal_rcc.o
                0x0000000008002dfc                HAL_RCC_GetHCLKFreq
 .text.HAL_RCC_GetPCLK1Freq
                0x0000000008002e10       0x44 build/stm32f1xx_hal_rcc.o
                0x0000000008002e10                HAL_RCC_GetPCLK1Freq
 .text.HAL_TIM_Base_Init
                0x0000000008002e54       0x58 build/stm32f1xx_hal_tim.o
                0x0000000008002e54                HAL_TIM_Base_Init
 .text.HAL_TIM_Base_Start_IT
                0x0000000008002eac       0x34 build/stm32f1xx_hal_tim.o
                0x0000000008002eac                HAL_TIM_Base_Start_IT
 .text.HAL_TIM_PWM_Init
                0x0000000008002ee0       0x58 build/stm32f1xx_hal_tim.o
                0x0000000008002ee0                HAL_TIM_PWM_Init
 .text.HAL_TIM_PWM_Start
                0x0000000008002f38       0x50 build/stm32f1xx_hal_tim.o
                0x0000000008002f38                HAL_TIM_PWM_Start
 .text.HAL_TIM_IRQHandler
                0x0000000008002f88      0x210 build/stm32f1xx_hal_tim.o
                0x0000000008002f88                HAL_TIM_IRQHandler
 .text.HAL_TIM_PWM_ConfigChannel
                0x0000000008003198      0x18c build/stm32f1xx_hal_tim.o
                0x0000000008003198                HAL_TIM_PWM_ConfigChannel
 .text.HAL_TIM_PeriodElapsedCallback
                0x0000000008003324       0x14 build/stm32f1xx_hal_tim.o
                0x0000000008003324                HAL_TIM_PeriodElapsedCallback
 .text.HAL_TIM_OC_DelayElapsedCallback
                0x0000000008003338       0x14 build/stm32f1xx_hal_tim.o
                0x0000000008003338                HAL_TIM_OC_DelayElapsedCallback
 .text.HAL_TIM_IC_CaptureCallback
                0x000000000800334c       0x14 build/stm32f1xx_hal_tim.o
                0x000000000800334c                HAL_TIM_IC_CaptureCallback
 .text.HAL_TIM_PWM_PulseFinishedCallback
                0x0000000008003360       0x14 build/stm32f1xx_hal_tim.o
                0x0000000008003360                HAL_TIM_PWM_PulseFinishedCallback
 .text.HAL_TIM_TriggerCallback
                0x0000000008003374       0x14 build/stm32f1xx_hal_tim.o
                0x0000000008003374                HAL_TIM_TriggerCallback
 .text.TIM_Base_SetConfig
                0x0000000008003388       0xbc build/stm32f1xx_hal_tim.o
                0x0000000008003388                TIM_Base_SetConfig
 .text.TIM_OC1_SetConfig
                0x0000000008003444       0xd8 build/stm32f1xx_hal_tim.o
 .text.TIM_OC2_SetConfig
                0x000000000800351c       0xe0 build/stm32f1xx_hal_tim.o
                0x000000000800351c                TIM_OC2_SetConfig
 .text.TIM_OC3_SetConfig
                0x00000000080035fc       0xe0 build/stm32f1xx_hal_tim.o
 .text.TIM_OC4_SetConfig
                0x00000000080036dc       0xa8 build/stm32f1xx_hal_tim.o
 .text.TIM_CCxChannelCmd
                0x0000000008003784       0x44 build/stm32f1xx_hal_tim.o
                0x0000000008003784                TIM_CCxChannelCmd
 .text.HAL_TIMEx_MasterConfigSynchronization
                0x00000000080037c8       0x88 build/stm32f1xx_hal_tim_ex.o
                0x00000000080037c8                HAL_TIMEx_MasterConfigSynchronization
 .text.HAL_TIMEx_CommutationCallback
                0x0000000008003850       0x14 build/stm32f1xx_hal_tim_ex.o
                0x0000000008003850                HAL_TIMEx_CommutationCallback
 .text.HAL_TIMEx_BreakCallback
                0x0000000008003864       0x14 build/stm32f1xx_hal_tim_ex.o
                0x0000000008003864                HAL_TIMEx_BreakCallback
 .text.HAL_I2C_Init
                0x0000000008003878      0x10c build/stm32f1xx_hal_i2c.o
                0x0000000008003878                HAL_I2C_Init
 .text.HAL_I2C_Mem_Write
                0x0000000008003984      0x19c build/stm32f1xx_hal_i2c.o
                0x0000000008003984                HAL_I2C_Mem_Write
 .text.HAL_I2C_Mem_Read
                0x0000000008003b20      0x32c build/stm32f1xx_hal_i2c.o
                0x0000000008003b20                HAL_I2C_Mem_Read
 .text.I2C_RequestMemoryWrite
                0x0000000008003e4c      0x118 build/stm32f1xx_hal_i2c.o
 .text.I2C_RequestMemoryRead
                0x0000000008003f64      0x1ac build/stm32f1xx_hal_i2c.o
 .text.I2C_Configure_Speed
                0x0000000008004110       0x9c build/stm32f1xx_hal_i2c.o
 .text.I2C_WaitOnFlagUntilTimeout
                0x00000000080041ac      0x114 build/stm32f1xx_hal_i2c.o
 .text.I2C_WaitOnMasterAddressFlagUntilTimeout
                0x00000000080042c0       0xdc build/stm32f1xx_hal_i2c.o
 .text.I2C_WaitOnTXEFlagUntilTimeout
                0x000000000800439c       0x78 build/stm32f1xx_hal_i2c.o
 .text.I2C_WaitOnRXNEFlagUntilTimeout
                0x0000000008004414       0x9c build/stm32f1xx_hal_i2c.o
 .text.I2C_IsAcknowledgeFailed
                0x00000000080044b0       0x4c build/stm32f1xx_hal_i2c.o
 .text.main     0x00000000080044fc       0xd8 build/main.o
                0x00000000080044fc                main
 .text.SystemClock_Config
                0x00000000080045d4       0x94 build/main.o
                0x00000000080045d4                SystemClock_Config
 .text.MX_I2C1_Init
                0x0000000008004668       0x5c build/main.o
 .text.MX_TIM2_Init
                0x00000000080046c4       0x90 build/main.o
 .text.MX_TIM3_Init
                0x0000000008004754       0x38 build/main.o
 .text.MX_GPIO_Init
                0x000000000800478c       0x80 build/main.o
 *fill*         0x000000000800480c        0x4 
 .text.MAG3110_DataProcess
                0x0000000008004810      0x258 build/main.o
                0x0000000008004810                MAG3110_DataProcess
 .text.MAG3110_STD
                0x0000000008004a68      0x220 build/main.o
                0x0000000008004a68                MAG3110_STD
 .text.MAG3110_Active
                0x0000000008004c88       0x68 build/main.o
                0x0000000008004c88                MAG3110_Active
 .text.MAG3110_Standby
                0x0000000008004cf0       0x5c build/main.o
                0x0000000008004cf0                MAG3110_Standby
 .text.MAG3110_Init
                0x0000000008004d4c       0x3c build/main.o
                0x0000000008004d4c                MAG3110_Init
 .text.play_message
                0x0000000008004d88      0x1a8 build/main.o
                0x0000000008004d88                play_message
 .text.Speex_Init
                0x0000000008004f30       0x38 build/main.o
                0x0000000008004f30                Speex_Init
 .text.TIM3_IRQHandler
                0x0000000008004f68       0x88 build/main.o
                0x0000000008004f68                TIM3_IRQHandler
 .text.Error_Handler
                0x0000000008004ff0        0x8 build/main.o
                0x0000000008004ff0                Error_Handler
 .text.HAL_MspInit
                0x0000000008004ff8       0x98 build/stm32f1xx_hal_msp.o
                0x0000000008004ff8                HAL_MspInit
 .text.HAL_I2C_MspInit
                0x0000000008005090       0x58 build/stm32f1xx_hal_msp.o
                0x0000000008005090                HAL_I2C_MspInit
 .text.HAL_TIM_PWM_MspInit
                0x00000000080050e8       0x38 build/stm32f1xx_hal_msp.o
                0x00000000080050e8                HAL_TIM_PWM_MspInit
 .text.HAL_TIM_Base_MspInit
                0x0000000008005120       0x4c build/stm32f1xx_hal_msp.o
                0x0000000008005120                HAL_TIM_Base_MspInit
 .text.HAL_TIM_MspPostInit
                0x000000000800516c       0x38 build/stm32f1xx_hal_msp.o
                0x000000000800516c                HAL_TIM_MspPostInit
 .text.NMI_Handler
                0x00000000080051a4        0xc build/stm32f1xx_it.o
                0x00000000080051a4                NMI_Handler
 .text.HardFault_Handler
                0x00000000080051b0        0x8 build/stm32f1xx_it.o
                0x00000000080051b0                HardFault_Handler
 .text.MemManage_Handler
                0x00000000080051b8        0x8 build/stm32f1xx_it.o
                0x00000000080051b8                MemManage_Handler
 .text.BusFault_Handler
                0x00000000080051c0        0x8 build/stm32f1xx_it.o
                0x00000000080051c0                BusFault_Handler
 .text.UsageFault_Handler
                0x00000000080051c8        0x8 build/stm32f1xx_it.o
                0x00000000080051c8                UsageFault_Handler
 .text.SVC_Handler
                0x00000000080051d0        0xc build/stm32f1xx_it.o
                0x00000000080051d0                SVC_Handler
 .text.DebugMon_Handler
                0x00000000080051dc        0xc build/stm32f1xx_it.o
                0x00000000080051dc                DebugMon_Handler
 .text.PendSV_Handler
                0x00000000080051e8        0xc build/stm32f1xx_it.o
                0x00000000080051e8                PendSV_Handler
 .text.SysTick_Handler
                0x00000000080051f4       0x10 build/stm32f1xx_it.o
                0x00000000080051f4                SysTick_Handler
 .text.speex_alloc
                0x0000000008005204       0x1c build/bits.o
 .text.speex_realloc
                0x0000000008005220       0x20 build/bits.o
 .text.speex_warning
                0x0000000008005240       0x14 build/bits.o
 .text.speex_notify
                0x0000000008005254       0x14 build/bits.o
 .text.speex_bits_init
                0x0000000008005268       0x38 build/bits.o
                0x0000000008005268                speex_bits_init
 .text.speex_bits_reset
                0x00000000080052a0       0x34 build/bits.o
                0x00000000080052a0                speex_bits_reset
 .text.speex_bits_read_from
                0x00000000080052d4       0xb8 build/bits.o
                0x00000000080052d4                speex_bits_read_from
 .text.speex_bits_pack
                0x000000000800538c      0x110 build/bits.o
                0x000000000800538c                speex_bits_pack
 .text.speex_bits_unpack_unsigned
                0x000000000800549c       0x9c build/bits.o
                0x000000000800549c                speex_bits_unpack_unsigned
 .text.speex_bits_advance
                0x0000000008005538       0x60 build/bits.o
                0x0000000008005538                speex_bits_advance
 .text.speex_bits_remaining
                0x0000000008005598       0x34 build/bits.o
                0x0000000008005598                speex_bits_remaining
 .text._spx_lpc
                0x00000000080055cc      0x1e4 build/lpc.o
                0x00000000080055cc                _spx_lpc
 .text._spx_autocorr
                0x00000000080057b0      0x10c build/lpc.o
                0x00000000080057b0                _spx_autocorr
 .text.spx_ilog4
                0x00000000080058bc       0x60 build/lsp.o
 .text.spx_sqrt
                0x000000000800591c       0xb4 build/lsp.o
 .text.spx_acos
                0x00000000080059d0       0x9c build/lsp.o
 .text.spx_cos  0x0000000008005a6c       0xf4 build/lsp.o
 .text.cheb_poly_eva
                0x0000000008005b60       0xd4 build/lsp.o
 .text.lpc_to_lsp
                0x0000000008005c34      0x3fc build/lsp.o
                0x0000000008005c34                lpc_to_lsp
 .text.lsp_to_lpc
                0x0000000008006030      0x5d4 build/lsp.o
                0x0000000008006030                lsp_to_lpc
 .text.lsp_enforce_margin
                0x0000000008006604      0x134 build/lsp.o
                0x0000000008006604                lsp_enforce_margin
 .text.lsp_interpolate
                0x0000000008006738       0x90 build/lsp.o
                0x0000000008006738                lsp_interpolate
 .text.speex_warning_int
                0x00000000080067c8       0x14 build/speex.o
 .text.speex_decoder_init
                0x00000000080067dc       0x1c build/speex.o
                0x00000000080067dc                speex_decoder_init
 .text.speex_decode_int
                0x00000000080067f8       0x28 build/speex.o
                0x00000000080067f8                speex_decode_int
 .text.speex_encoder_ctl
                0x0000000008006820       0x24 build/speex.o
                0x0000000008006820                speex_encoder_ctl
 .text.speex_decoder_ctl
                0x0000000008006844       0x24 build/speex.o
                0x0000000008006844                speex_decoder_ctl
 .text.nb_mode_query
                0x0000000008006868       0x84 build/speex.o
                0x0000000008006868                nb_mode_query
 .text.speex_inband_handler
                0x00000000080068ec       0x98 build/speex_callbacks.o
                0x00000000080068ec                speex_inband_handler
 .text.speex_default_user_handler
                0x0000000008006984       0x30 build/speex_callbacks.o
                0x0000000008006984                speex_default_user_handler
 .text.target_update
                0x00000000080069b4       0x68 build/cb_search.o
 .text.split_cb_search_shape_sign
                0x0000000008006a1c      0xdac build/cb_search.o
                0x0000000008006a1c                split_cb_search_shape_sign
 .text.split_cb_shape_sign_unquant
                0x00000000080077c8      0x198 build/cb_search.o
                0x00000000080077c8                split_cb_shape_sign_unquant
 .text.noise_codebook_quant
                0x0000000008007960       0x9c build/cb_search.o
                0x0000000008007960                noise_codebook_quant
 .text.spx_ilog4
                0x00000000080079fc       0x60 build/filters.o
 .text.spx_sqrt
                0x0000000008007a5c       0xb4 build/filters.o
 .text.compute_impulse_response
                0x0000000008007b10      0x658 build/filters.o
                0x0000000008007b10                compute_impulse_response
 .text.bw_lpc   0x0000000008008168       0x6c build/filters.o
                0x0000000008008168                bw_lpc
 .text.sanitize_values32
                0x00000000080081d4       0x94 build/filters.o
                0x00000000080081d4                sanitize_values32
 .text.highpass
                0x0000000008008268      0x1cc build/filters.o
                0x0000000008008268                highpass
 .text.signal_mul
                0x0000000008008434       0x70 build/filters.o
                0x0000000008008434                signal_mul
 .text.signal_div
                0x00000000080084a4      0x13c build/filters.o
                0x00000000080084a4                signal_div
 .text.compute_rms
                0x00000000080085e0      0x148 build/filters.o
                0x00000000080085e0                compute_rms
 .text.compute_rms16
                0x0000000008008728      0x2b4 build/filters.o
                0x0000000008008728                compute_rms16
 .text.normalize16
                0x00000000080089dc       0xa0 build/filters.o
                0x00000000080089dc                normalize16
 .text.residue_percep_zero16
                0x0000000008008a7c       0xb0 build/filters.o
                0x0000000008008a7c                residue_percep_zero16
 .text.interp_pitch
                0x0000000008008b2c      0x310 build/filters.o
                0x0000000008008b2c                interp_pitch
 .text.multicomb
                0x0000000008008e3c      0x59c build/filters.o
                0x0000000008008e3c                multicomb
 .text.spx_ilog4
                0x00000000080093d8       0x60 build/ltp.o
 .text.spx_sqrt
                0x0000000008009438       0xb4 build/ltp.o
 .text.pitch_gain_search_3tap_vq
                0x00000000080094ec      0x360 build/ltp.o
                0x00000000080094ec                pitch_gain_search_3tap_vq
 .text.pitch_xcorr
                0x000000000800984c       0x50 build/ltp.o
                0x000000000800984c                pitch_xcorr
 .text.open_loop_nbest_pitch
                0x000000000800989c      0x574 build/ltp.o
                0x000000000800989c                open_loop_nbest_pitch
 .text.pitch_gain_search_3tap
                0x0000000008009e10      0x988 build/ltp.o
 .text.pitch_search_3tap
                0x000000000800a798      0x37c build/ltp.o
                0x000000000800a798                pitch_search_3tap
 .text.pitch_unquant_3tap
                0x000000000800ab14      0x2c0 build/ltp.o
                0x000000000800ab14                pitch_unquant_3tap
 .text.spx_ilog4
                0x000000000800add4       0x60 build/nb_celp.o
 .text.speex_rand
                0x000000000800ae34       0x54 build/nb_celp.o
 .text.spx_sqrt
                0x000000000800ae88       0xb4 build/nb_celp.o
 .text.speex_alloc
                0x000000000800af3c       0x1c build/nb_celp.o
 .text.speex_alloc_scratch
                0x000000000800af58       0x1c build/nb_celp.o
 .text.speex_free
                0x000000000800af74       0x18 build/nb_celp.o
 .text.speex_free_scratch
                0x000000000800af8c       0x18 build/nb_celp.o
 .text.speex_warning_int
                0x000000000800afa4       0x14 build/nb_celp.o
 .text.speex_notify
                0x000000000800afb8       0x14 build/nb_celp.o
 .text.nb_encoder_init
                0x000000000800afcc      0x27c build/nb_celp.o
                0x000000000800afcc                nb_encoder_init
 .text.nb_encoder_destroy
                0x000000000800b248       0xa0 build/nb_celp.o
                0x000000000800b248                nb_encoder_destroy
 .text.nb_encode
                0x000000000800b2e8     0x1574 build/nb_celp.o
                0x000000000800b2e8                nb_encode
 .text.nb_decoder_init
                0x000000000800c85c      0x1fc build/nb_celp.o
                0x000000000800c85c                nb_decoder_init
 .text.nb_decoder_destroy
                0x000000000800ca58       0x58 build/nb_celp.o
                0x000000000800ca58                nb_decoder_destroy
 .text.nb_decode_lost
                0x000000000800cab0      0x28c build/nb_celp.o
 .text.nb_decode
                0x000000000800cd3c     0x14a8 build/nb_celp.o
                0x000000000800cd3c                nb_decode
 .text.nb_encoder_ctl
                0x000000000800e1e4      0x534 build/nb_celp.o
                0x000000000800e1e4                nb_encoder_ctl
 .text.nb_decoder_ctl
                0x000000000800e718      0x418 build/nb_celp.o
                0x000000000800e718                nb_decoder_ctl
 .text.lsp_quant_lbr
                0x000000000800eb30      0x4a8 build/quant_lsp.o
                0x000000000800eb30                lsp_quant_lbr
 .text.lsp_unquant_lbr
                0x000000000800efd8      0x144 build/quant_lsp.o
                0x000000000800efd8                lsp_unquant_lbr
 .text.scal_quant
                0x000000000800f11c       0x44 build/vq.o
                0x000000000800f11c                scal_quant
 .text.scal_quant32
                0x000000000800f160       0x40 build/vq.o
                0x000000000800f160                scal_quant32
 .text.Reset_Handler
                0x000000000800f1a0       0x48 build/startup_stm32f103xb.o
                0x000000000800f1a0                Reset_Handler
 .text.Default_Handler
                0x000000000800f1e8        0x2 build/startup_stm32f103xb.o
                0x000000000800f1e8                USBWakeUp_IRQHandler
                0x000000000800f1e8                EXTI2_IRQHandler
                0x000000000800f1e8                TIM1_CC_IRQHandler
                0x000000000800f1e8                PVD_IRQHandler
                0x000000000800f1e8                EXTI3_IRQHandler
                0x000000000800f1e8                EXTI0_IRQHandler
                0x000000000800f1e8                I2C2_EV_IRQHandler
                0x000000000800f1e8                ADC1_2_IRQHandler
                0x000000000800f1e8                SPI1_IRQHandler
                0x000000000800f1e8                TAMPER_IRQHandler
                0x000000000800f1e8                DMA1_Channel4_IRQHandler
                0x000000000800f1e8                USART3_IRQHandler
                0x000000000800f1e8                RTC_IRQHandler
                0x000000000800f1e8                DMA1_Channel7_IRQHandler
                0x000000000800f1e8                CAN1_RX1_IRQHandler
                0x000000000800f1e8                TIM4_IRQHandler
                0x000000000800f1e8                I2C1_EV_IRQHandler
                0x000000000800f1e8                DMA1_Channel6_IRQHandler
                0x000000000800f1e8                RCC_IRQHandler
                0x000000000800f1e8                TIM1_TRG_COM_IRQHandler
                0x000000000800f1e8                DMA1_Channel1_IRQHandler
                0x000000000800f1e8                Default_Handler
                0x000000000800f1e8                EXTI15_10_IRQHandler
                0x000000000800f1e8                EXTI9_5_IRQHandler
                0x000000000800f1e8                SPI2_IRQHandler
                0x000000000800f1e8                DMA1_Channel5_IRQHandler
                0x000000000800f1e8                EXTI4_IRQHandler
                0x000000000800f1e8                USB_LP_CAN1_RX0_IRQHandler
                0x000000000800f1e8                USB_HP_CAN1_TX_IRQHandler
                0x000000000800f1e8                DMA1_Channel3_IRQHandler
                0x000000000800f1e8                TIM1_UP_IRQHandler
                0x000000000800f1e8                WWDG_IRQHandler
                0x000000000800f1e8                TIM2_IRQHandler
                0x000000000800f1e8                TIM1_BRK_IRQHandler
                0x000000000800f1e8                EXTI1_IRQHandler
                0x000000000800f1e8                USART2_IRQHandler
                0x000000000800f1e8                I2C2_ER_IRQHandler
                0x000000000800f1e8                DMA1_Channel2_IRQHandler
                0x000000000800f1e8                CAN1_SCE_IRQHandler
                0x000000000800f1e8                FLASH_IRQHandler
                0x000000000800f1e8                USART1_IRQHandler
                0x000000000800f1e8                I2C1_ER_IRQHandler
                0x000000000800f1e8                RTC_Alarm_IRQHandler
 *fill*         0x000000000800f1ea        0x2 
 .text.calloc   0x000000000800f1ec       0x10 /usr/local/gcc_arm/gcc-arm-none-eabi-5_4-2016q2/bin/../lib/gcc/arm-none-eabi/5.4.1/../../../../arm-none-eabi/lib/armv7-m/libc_nano.a(lib_a-calloc.o)
                0x000000000800f1ec                calloc
 .text.__libc_init_array
                0x000000000800f1fc       0x4c /usr/local/gcc_arm/gcc-arm-none-eabi-5_4-2016q2/bin/../lib/gcc/arm-none-eabi/5.4.1/../../../../arm-none-eabi/lib/armv7-m/libc_nano.a(lib_a-init.o)
                0x000000000800f1fc                __libc_init_array
 .text.free     0x000000000800f248       0x10 /usr/local/gcc_arm/gcc-arm-none-eabi-5_4-2016q2/bin/../lib/gcc/arm-none-eabi/5.4.1/../../../../arm-none-eabi/lib/armv7-m/libc_nano.a(lib_a-malloc.o)
                0x000000000800f248                free
 .text.memcpy   0x000000000800f258       0x16 /usr/local/gcc_arm/gcc-arm-none-eabi-5_4-2016q2/bin/../lib/gcc/arm-none-eabi/5.4.1/../../../../arm-none-eabi/lib/armv7-m/libc_nano.a(lib_a-memcpy-stub.o)
                0x000000000800f258                memcpy
 .text.memmove  0x000000000800f26e       0x36 /usr/local/gcc_arm/gcc-arm-none-eabi-5_4-2016q2/bin/../lib/gcc/arm-none-eabi/5.4.1/../../../../arm-none-eabi/lib/armv7-m/libc_nano.a(lib_a-memmove.o)
                0x000000000800f26e                memmove
 .text.memset   0x000000000800f2a4       0x10 /usr/local/gcc_arm/gcc-arm-none-eabi-5_4-2016q2/bin/../lib/gcc/arm-none-eabi/5.4.1/../../../../arm-none-eabi/lib/armv7-m/libc_nano.a(lib_a-memset.o)
                0x000000000800f2a4                memset
 .text._calloc_r
                0x000000000800f2b4       0x1c /usr/local/gcc_arm/gcc-arm-none-eabi-5_4-2016q2/bin/../lib/gcc/arm-none-eabi/5.4.1/../../../../arm-none-eabi/lib/armv7-m/libc_nano.a(lib_a-nano-callocr.o)
                0x000000000800f2b4                _calloc_r
 .text._free_r  0x000000000800f2d0       0x98 /usr/local/gcc_arm/gcc-arm-none-eabi-5_4-2016q2/bin/../lib/gcc/arm-none-eabi/5.4.1/../../../../arm-none-eabi/lib/armv7-m/libc_nano.a(lib_a-nano-freer.o)
                0x000000000800f2d0                _free_r
 .text._malloc_r
                0x000000000800f368       0xbc /usr/local/gcc_arm/gcc-arm-none-eabi-5_4-2016q2/bin/../lib/gcc/arm-none-eabi/5.4.1/../../../../arm-none-eabi/lib/armv7-m/libc_nano.a(lib_a-nano-mallocr.o)
                0x000000000800f368                _malloc_r
 .text.printf   0x000000000800f424       0x30 /usr/local/gcc_arm/gcc-arm-none-eabi-5_4-2016q2/bin/../lib/gcc/arm-none-eabi/5.4.1/../../../../arm-none-eabi/lib/armv7-m/libc_nano.a(lib_a-printf.o)
                0x000000000800f424                printf
                0x000000000800f424                iprintf
 .text.realloc  0x000000000800f454       0x10 /usr/local/gcc_arm/gcc-arm-none-eabi-5_4-2016q2/bin/../lib/gcc/arm-none-eabi/5.4.1/../../../../arm-none-eabi/lib/armv7-m/libc_nano.a(lib_a-realloc.o)
                0x000000000800f454                realloc
 .text._sbrk_r  0x000000000800f464       0x20 /usr/local/gcc_arm/gcc-arm-none-eabi-5_4-2016q2/bin/../lib/gcc/arm-none-eabi/5.4.1/../../../../arm-none-eabi/lib/armv7-m/libc_nano.a(lib_a-sbrkr.o)
                0x000000000800f464                _sbrk_r
 .text._cleanup_r
                0x000000000800f484        0xc /usr/local/gcc_arm/gcc-arm-none-eabi-5_4-2016q2/bin/../lib/gcc/arm-none-eabi/5.4.1/../../../../arm-none-eabi/lib/armv7-m/libc_nano.a(lib_a-findfp.o)
                0x000000000800f484                _cleanup_r
 .text.std.isra.0
                0x000000000800f490       0x48 /usr/local/gcc_arm/gcc-arm-none-eabi-5_4-2016q2/bin/../lib/gcc/arm-none-eabi/5.4.1/../../../../arm-none-eabi/lib/armv7-m/libc_nano.a(lib_a-findfp.o)
 .text.__sfmoreglue
                0x000000000800f4d8       0x2c /usr/local/gcc_arm/gcc-arm-none-eabi-5_4-2016q2/bin/../lib/gcc/arm-none-eabi/5.4.1/../../../../arm-none-eabi/lib/armv7-m/libc_nano.a(lib_a-findfp.o)
                0x000000000800f4d8                __sfmoreglue
 .text.__sinit  0x000000000800f504       0x60 /usr/local/gcc_arm/gcc-arm-none-eabi-5_4-2016q2/bin/../lib/gcc/arm-none-eabi/5.4.1/../../../../arm-none-eabi/lib/armv7-m/libc_nano.a(lib_a-findfp.o)
                0x000000000800f504                __sinit
 .text.__sfp    0x000000000800f564       0x78 /usr/local/gcc_arm/gcc-arm-none-eabi-5_4-2016q2/bin/../lib/gcc/arm-none-eabi/5.4.1/../../../../arm-none-eabi/lib/armv7-m/libc_nano.a(lib_a-findfp.o)
                0x000000000800f564                __sfp
 .text._fwalk_reent
                0x000000000800f5dc       0x3c /usr/local/gcc_arm/gcc-arm-none-eabi-5_4-2016q2/bin/../lib/gcc/arm-none-eabi/5.4.1/../../../../arm-none-eabi/lib/armv7-m/libc_nano.a(lib_a-fwalk.o)
                0x000000000800f5dc                _fwalk_reent
 .text.__malloc_lock
                0x000000000800f618        0x2 /usr/local/gcc_arm/gcc-arm-none-eabi-5_4-2016q2/bin/../lib/gcc/arm-none-eabi/5.4.1/../../../../arm-none-eabi/lib/armv7-m/libc_nano.a(lib_a-mlock.o)
                0x000000000800f618                __malloc_lock
 .text.__malloc_unlock
                0x000000000800f61a        0x2 /usr/local/gcc_arm/gcc-arm-none-eabi-5_4-2016q2/bin/../lib/gcc/arm-none-eabi/5.4.1/../../../../arm-none-eabi/lib/armv7-m/libc_nano.a(lib_a-mlock.o)
                0x000000000800f61a                __malloc_unlock
 .text._realloc_r
                0x000000000800f61c       0x4c /usr/local/gcc_arm/gcc-arm-none-eabi-5_4-2016q2/bin/../lib/gcc/arm-none-eabi/5.4.1/../../../../arm-none-eabi/lib/armv7-m/libc_nano.a(lib_a-nano-reallocr.o)
                0x000000000800f61c                _realloc_r
 .text.__sfputc_r
                0x000000000800f668       0x2c /usr/local/gcc_arm/gcc-arm-none-eabi-5_4-2016q2/bin/../lib/gcc/arm-none-eabi/5.4.1/../../../../arm-none-eabi/lib/armv7-m/libc_nano.a(lib_a-nano-vfprintf.o)
 .text.__sfputs_r
                0x000000000800f694       0x24 /usr/local/gcc_arm/gcc-arm-none-eabi-5_4-2016q2/bin/../lib/gcc/arm-none-eabi/5.4.1/../../../../arm-none-eabi/lib/armv7-m/libc_nano.a(lib_a-nano-vfprintf.o)
                0x000000000800f694                __sfputs_r
 .text._vfprintf_r
                0x000000000800f6b8      0x238 /usr/local/gcc_arm/gcc-arm-none-eabi-5_4-2016q2/bin/../lib/gcc/arm-none-eabi/5.4.1/../../../../arm-none-eabi/lib/armv7-m/libc_nano.a(lib_a-nano-vfprintf.o)
                0x000000000800f6b8                _vfiprintf_r
                0x000000000800f6b8                _vfprintf_r
 .text._printf_common
                0x000000000800f8f0       0xec /usr/local/gcc_arm/gcc-arm-none-eabi-5_4-2016q2/bin/../lib/gcc/arm-none-eabi/5.4.1/../../../../arm-none-eabi/lib/armv7-m/libc_nano.a(lib_a-nano-vfprintf_i.o)
                0x000000000800f8f0                _printf_common
 .text._printf_i
                0x000000000800f9dc      0x24c /usr/local/gcc_arm/gcc-arm-none-eabi-5_4-2016q2/bin/../lib/gcc/arm-none-eabi/5.4.1/../../../../arm-none-eabi/lib/armv7-m/libc_nano.a(lib_a-nano-vfprintf_i.o)
                0x000000000800f9dc                _printf_i
 .text.__sread  0x000000000800fc28       0x22 /usr/local/gcc_arm/gcc-arm-none-eabi-5_4-2016q2/bin/../lib/gcc/arm-none-eabi/5.4.1/../../../../arm-none-eabi/lib/armv7-m/libc_nano.a(lib_a-stdio.o)
                0x000000000800fc28                __sread
 .text.__swrite
                0x000000000800fc4a       0x38 /usr/local/gcc_arm/gcc-arm-none-eabi-5_4-2016q2/bin/../lib/gcc/arm-none-eabi/5.4.1/../../../../arm-none-eabi/lib/armv7-m/libc_nano.a(lib_a-stdio.o)
                0x000000000800fc4a                __swrite
 .text.__sseek  0x000000000800fc82       0x24 /usr/local/gcc_arm/gcc-arm-none-eabi-5_4-2016q2/bin/../lib/gcc/arm-none-eabi/5.4.1/../../../../arm-none-eabi/lib/armv7-m/libc_nano.a(lib_a-stdio.o)
                0x000000000800fc82                __sseek
 .text.__sclose
                0x000000000800fca6        0x8 /usr/local/gcc_arm/gcc-arm-none-eabi-5_4-2016q2/bin/../lib/gcc/arm-none-eabi/5.4.1/../../../../arm-none-eabi/lib/armv7-m/libc_nano.a(lib_a-stdio.o)
                0x000000000800fca6                __sclose
 *fill*         0x000000000800fcae        0x2 
 .text.__swbuf_r
                0x000000000800fcb0       0xa8 /usr/local/gcc_arm/gcc-arm-none-eabi-5_4-2016q2/bin/../lib/gcc/arm-none-eabi/5.4.1/../../../../arm-none-eabi/lib/armv7-m/libc_nano.a(lib_a-wbuf.o)
                0x000000000800fcb0                __swbuf_r
 .text._write_r
                0x000000000800fd58       0x24 /usr/local/gcc_arm/gcc-arm-none-eabi-5_4-2016q2/bin/../lib/gcc/arm-none-eabi/5.4.1/../../../../arm-none-eabi/lib/armv7-m/libc_nano.a(lib_a-writer.o)
                0x000000000800fd58                _write_r
 .text.__swsetup_r
                0x000000000800fd7c       0xdc /usr/local/gcc_arm/gcc-arm-none-eabi-5_4-2016q2/bin/../lib/gcc/arm-none-eabi/5.4.1/../../../../arm-none-eabi/lib/armv7-m/libc_nano.a(lib_a-wsetup.o)
                0x000000000800fd7c                __swsetup_r
 .text._close_r
                0x000000000800fe58       0x20 /usr/local/gcc_arm/gcc-arm-none-eabi-5_4-2016q2/bin/../lib/gcc/arm-none-eabi/5.4.1/../../../../arm-none-eabi/lib/armv7-m/libc_nano.a(lib_a-closer.o)
                0x000000000800fe58                _close_r
 .text.__sflush_r
                0x000000000800fe78      0x10c /usr/local/gcc_arm/gcc-arm-none-eabi-5_4-2016q2/bin/../lib/gcc/arm-none-eabi/5.4.1/../../../../arm-none-eabi/lib/armv7-m/libc_nano.a(lib_a-fflush.o)
                0x000000000800fe78                __sflush_r
 .text._fflush_r
                0x000000000800ff84       0x54 /usr/local/gcc_arm/gcc-arm-none-eabi-5_4-2016q2/bin/../lib/gcc/arm-none-eabi/5.4.1/../../../../arm-none-eabi/lib/armv7-m/libc_nano.a(lib_a-fflush.o)
                0x000000000800ff84                _fflush_r
 .text._lseek_r
                0x000000000800ffd8       0x24 /usr/local/gcc_arm/gcc-arm-none-eabi-5_4-2016q2/bin/../lib/gcc/arm-none-eabi/5.4.1/../../../../arm-none-eabi/lib/armv7-m/libc_nano.a(lib_a-lseekr.o)
                0x000000000800ffd8                _lseek_r
 .text.__swhatbuf_r
                0x000000000800fffc       0x46 /usr/local/gcc_arm/gcc-arm-none-eabi-5_4-2016q2/bin/../lib/gcc/arm-none-eabi/5.4.1/../../../../arm-none-eabi/lib/armv7-m/libc_nano.a(lib_a-makebuf.o)
                0x000000000800fffc                __swhatbuf_r
 *fill*         0x0000000008010042        0x2 
 .text.__smakebuf_r
                0x0000000008010044       0x78 /usr/local/gcc_arm/gcc-arm-none-eabi-5_4-2016q2/bin/../lib/gcc/arm-none-eabi/5.4.1/../../../../arm-none-eabi/lib/armv7-m/libc_nano.a(lib_a-makebuf.o)
                0x0000000008010044                __smakebuf_r
 .text.memchr   0x00000000080100bc       0x1c /usr/local/gcc_arm/gcc-arm-none-eabi-5_4-2016q2/bin/../lib/gcc/arm-none-eabi/5.4.1/../../../../arm-none-eabi/lib/armv7-m/libc_nano.a(lib_a-memchr-stub.o)
                0x00000000080100bc                memchr
 .text._malloc_usable_size_r
                0x00000000080100d8       0x14 /usr/local/gcc_arm/gcc-arm-none-eabi-5_4-2016q2/bin/../lib/gcc/arm-none-eabi/5.4.1/../../../../arm-none-eabi/lib/armv7-m/libc_nano.a(lib_a-nano-msizer.o)
                0x00000000080100d8                _malloc_usable_size_r
 .text._read_r  0x00000000080100ec       0x24 /usr/local/gcc_arm/gcc-arm-none-eabi-5_4-2016q2/bin/../lib/gcc/arm-none-eabi/5.4.1/../../../../arm-none-eabi/lib/armv7-m/libc_nano.a(lib_a-readr.o)
                0x00000000080100ec                _read_r
 .text._fstat_r
                0x0000000008010110       0x24 /usr/local/gcc_arm/gcc-arm-none-eabi-5_4-2016q2/bin/../lib/gcc/arm-none-eabi/5.4.1/../../../../arm-none-eabi/lib/armv7-m/libc_nano.a(lib_a-fstatr.o)
                0x0000000008010110                _fstat_r
 .text._isatty_r
                0x0000000008010134       0x20 /usr/local/gcc_arm/gcc-arm-none-eabi-5_4-2016q2/bin/../lib/gcc/arm-none-eabi/5.4.1/../../../../arm-none-eabi/lib/armv7-m/libc_nano.a(lib_a-isattyr.o)
                0x0000000008010134                _isatty_r
 *fill*         0x0000000008010154        0x4 
 .text.atan     0x0000000008010158      0x33c /usr/local/gcc_arm/gcc-arm-none-eabi-5_4-2016q2/bin/../lib/gcc/arm-none-eabi/5.4.1/../../../../arm-none-eabi/lib/armv7-m/libm.a(lib_a-s_atan.o)
                0x0000000008010158                atan
 .text.fabs     0x0000000008010494        0x8 /usr/local/gcc_arm/gcc-arm-none-eabi-5_4-2016q2/bin/../lib/gcc/arm-none-eabi/5.4.1/../../../../arm-none-eabi/lib/armv7-m/libm.a(lib_a-s_fabs.o)
                0x0000000008010494                fabs
 .text._close   0x000000000801049c       0x10 /usr/local/gcc_arm/gcc-arm-none-eabi-5_4-2016q2/bin/../lib/gcc/arm-none-eabi/5.4.1/../../../../arm-none-eabi/lib/armv7-m/libnosys.a(close.o)
                0x000000000801049c                _close
 .text._fstat   0x00000000080104ac       0x10 /usr/local/gcc_arm/gcc-arm-none-eabi-5_4-2016q2/bin/../lib/gcc/arm-none-eabi/5.4.1/../../../../arm-none-eabi/lib/armv7-m/libnosys.a(fstat.o)
                0x00000000080104ac                _fstat
 .text._isatty  0x00000000080104bc       0x10 /usr/local/gcc_arm/gcc-arm-none-eabi-5_4-2016q2/bin/../lib/gcc/arm-none-eabi/5.4.1/../../../../arm-none-eabi/lib/armv7-m/libnosys.a(isatty.o)
                0x00000000080104bc                _isatty
 .text._lseek   0x00000000080104cc       0x10 /usr/local/gcc_arm/gcc-arm-none-eabi-5_4-2016q2/bin/../lib/gcc/arm-none-eabi/5.4.1/../../../../arm-none-eabi/lib/armv7-m/libnosys.a(lseek.o)
                0x00000000080104cc                _lseek
 .text._read    0x00000000080104dc       0x10 /usr/local/gcc_arm/gcc-arm-none-eabi-5_4-2016q2/bin/../lib/gcc/arm-none-eabi/5.4.1/../../../../arm-none-eabi/lib/armv7-m/libnosys.a(read.o)
                0x00000000080104dc                _read
 .text._sbrk    0x00000000080104ec       0x1c /usr/local/gcc_arm/gcc-arm-none-eabi-5_4-2016q2/bin/../lib/gcc/arm-none-eabi/5.4.1/../../../../arm-none-eabi/lib/armv7-m/libnosys.a(sbrk.o)
                0x00000000080104ec                _sbrk
 .text._write   0x0000000008010508       0x10 /usr/local/gcc_arm/gcc-arm-none-eabi-5_4-2016q2/bin/../lib/gcc/arm-none-eabi/5.4.1/../../../../arm-none-eabi/lib/armv7-m/libnosys.a(write.o)
                0x0000000008010508                _write
 *(.glue_7)
 .glue_7        0x0000000008010518        0x0 linker stubs
 *(.glue_7t)
 .glue_7t       0x0000000008010518        0x0 linker stubs
 *(.eh_frame)
 .eh_frame      0x0000000008010518        0x0 /usr/local/gcc_arm/gcc-arm-none-eabi-5_4-2016q2/bin/../lib/gcc/arm-none-eabi/5.4.1/armv7-m/crtbegin.o
 *(.init)
 .init          0x0000000008010518        0x4 /usr/local/gcc_arm/gcc-arm-none-eabi-5_4-2016q2/bin/../lib/gcc/arm-none-eabi/5.4.1/armv7-m/crti.o
                0x0000000008010518                _init
 .init          0x000000000801051c        0x8 /usr/local/gcc_arm/gcc-arm-none-eabi-5_4-2016q2/bin/../lib/gcc/arm-none-eabi/5.4.1/armv7-m/crtn.o
 *(.fini)
 .fini          0x0000000008010524        0x4 /usr/local/gcc_arm/gcc-arm-none-eabi-5_4-2016q2/bin/../lib/gcc/arm-none-eabi/5.4.1/armv7-m/crti.o
                0x0000000008010524                _fini
 .fini          0x0000000008010528        0x8 /usr/local/gcc_arm/gcc-arm-none-eabi-5_4-2016q2/bin/../lib/gcc/arm-none-eabi/5.4.1/armv7-m/crtn.o
                0x0000000008010530                . = ALIGN (0x4)
                0x0000000008010530                _etext = .

.vfp11_veneer   0x0000000008010530        0x0
 .vfp11_veneer  0x0000000008010530        0x0 linker stubs

.v4_bx          0x0000000008010530        0x0
 .v4_bx         0x0000000008010530        0x0 linker stubs

.iplt           0x0000000008010530        0x0
 .iplt          0x0000000008010530        0x0 /usr/local/gcc_arm/gcc-arm-none-eabi-5_4-2016q2/bin/../lib/gcc/arm-none-eabi/5.4.1/armv7-m/crtbegin.o

.rodata         0x0000000008010530     0x13e0
                0x0000000008010530                . = ALIGN (0x4)
 *(.rodata)
 .rodata        0x0000000008010530       0x12 build/stm32f1xx_hal_rcc.o
 *fill*         0x0000000008010542        0x2 
 .rodata        0x0000000008010544       0x17 build/main.o
 *fill*         0x000000000801055b        0x1 
 .rodata        0x000000000801055c      0x139 build/bits.o
 *fill*         0x0000000008010695        0x3 
 .rodata        0x0000000008010698       0x54 build/speex.o
 .rodata        0x00000000080106ec       0x3e build/filters.o
 *fill*         0x000000000801072a        0x2 
 .rodata        0x000000000801072c      0x100 build/ltp.o
 .rodata        0x000000000801082c        0xb build/modes.o
 *fill*         0x0000000008010837        0x1 
 .rodata        0x0000000008010838       0x8d build/nb_celp.o
 *(.rodata*)
 *fill*         0x00000000080108c5        0x3 
 .rodata.AHBPrescTable
                0x00000000080108c8       0x10 build/system_stm32f1xx.o
                0x00000000080108c8                AHBPrescTable
 .rodata.APBPrescTable
                0x00000000080108d8        0x8 build/system_stm32f1xx.o
                0x00000000080108d8                APBPrescTable
 .rodata.detectorBeep
                0x00000000080108e0      0x4d8 build/main.o
                0x00000000080108e0                detectorBeep
 .rodata.exc_10_32_table
                0x0000000008010db8      0x140 build/exc_10_32_table.o
                0x0000000008010db8                exc_10_32_table
 .rodata.gain_cdbk_lbr
                0x0000000008010ef8       0x80 build/gain_table_lbr.o
                0x0000000008010ef8                gain_cdbk_lbr
 .rodata.cdbk_nb
                0x0000000008010f78      0x280 build/lsp_tables_nb.o
                0x0000000008010f78                cdbk_nb
 .rodata.cdbk_nb_low1
                0x00000000080111f8      0x140 build/lsp_tables_nb.o
                0x00000000080111f8                cdbk_nb_low1
 .rodata.cdbk_nb_high1
                0x0000000008011338      0x140 build/lsp_tables_nb.o
                0x0000000008011338                cdbk_nb_high1
 .rodata.lag_window
                0x0000000008011478       0x16 build/window.o
                0x0000000008011478                lag_window
 *fill*         0x000000000801148e        0x2 
 .rodata.lpc_window
                0x0000000008011490      0x190 build/window.o
                0x0000000008011490                lpc_window
 .rodata.shift_filt
                0x0000000008011620       0x2a build/filters.o
                0x0000000008011620                shift_filt
 *fill*         0x000000000801164a        0x2 
 .rodata.ltp_params_lbr
                0x000000000801164c        0xc build/modes.o
 .rodata.split_cb_nb_lbr
                0x0000000008011658       0x14 build/modes.o
 .rodata.nb_submode3
                0x000000000801166c       0x38 build/modes.o
 .rodata.nb_mode
                0x00000000080116a4       0x8c build/modes.o
 .rodata.speex_nb_mode
                0x0000000008011730       0x34 build/modes.o
                0x0000000008011730                speex_nb_mode
 .rodata.ol_gain_table
                0x0000000008011764       0x80 build/nb_celp.o
                0x0000000008011764                ol_gain_table
 .rodata.exc_gain_quant_scal3
                0x00000000080117e4       0x10 build/nb_celp.o
                0x00000000080117e4                exc_gain_quant_scal3
 .rodata.exc_gain_quant_scal1_bound
                0x00000000080117f4        0x2 build/nb_celp.o
                0x00000000080117f4                exc_gain_quant_scal1_bound
 *fill*         0x00000000080117f6        0x2 
 .rodata.exc_gain_quant_scal1
                0x00000000080117f8        0x4 build/nb_celp.o
                0x00000000080117f8                exc_gain_quant_scal1
 .rodata.attenuation
                0x00000000080117fc       0x14 build/nb_celp.o
                0x00000000080117fc                attenuation
 .rodata.wb_skip_table
                0x0000000008011810       0x20 build/nb_celp.o
 .rodata.str1.1
                0x0000000008011830        0x2 /usr/local/gcc_arm/gcc-arm-none-eabi-5_4-2016q2/bin/../lib/gcc/arm-none-eabi/5.4.1/../../../../arm-none-eabi/lib/armv7-m/libc_nano.a(lib_a-impure.o)
 *fill*         0x0000000008011832        0x2 
 .rodata._global_impure_ptr
                0x0000000008011834        0x4 /usr/local/gcc_arm/gcc-arm-none-eabi-5_4-2016q2/bin/../lib/gcc/arm-none-eabi/5.4.1/../../../../arm-none-eabi/lib/armv7-m/libc_nano.a(lib_a-impure.o)
                0x0000000008011834                _global_impure_ptr
 .rodata.__sf_fake_stdin
                0x0000000008011838       0x20 /usr/local/gcc_arm/gcc-arm-none-eabi-5_4-2016q2/bin/../lib/gcc/arm-none-eabi/5.4.1/../../../../arm-none-eabi/lib/armv7-m/libc_nano.a(lib_a-findfp.o)
                0x0000000008011838                __sf_fake_stdin
 .rodata.__sf_fake_stdout
                0x0000000008011858       0x20 /usr/local/gcc_arm/gcc-arm-none-eabi-5_4-2016q2/bin/../lib/gcc/arm-none-eabi/5.4.1/../../../../arm-none-eabi/lib/armv7-m/libc_nano.a(lib_a-findfp.o)
                0x0000000008011858                __sf_fake_stdout
 .rodata.__sf_fake_stderr
                0x0000000008011878       0x20 /usr/local/gcc_arm/gcc-arm-none-eabi-5_4-2016q2/bin/../lib/gcc/arm-none-eabi/5.4.1/../../../../arm-none-eabi/lib/armv7-m/libc_nano.a(lib_a-findfp.o)
                0x0000000008011878                __sf_fake_stderr
 .rodata.str1.1
                0x0000000008011898       0x11 /usr/local/gcc_arm/gcc-arm-none-eabi-5_4-2016q2/bin/../lib/gcc/arm-none-eabi/5.4.1/../../../../arm-none-eabi/lib/armv7-m/libc_nano.a(lib_a-nano-vfprintf.o)
 .rodata.str1.1
                0x00000000080118a9       0x22 /usr/local/gcc_arm/gcc-arm-none-eabi-5_4-2016q2/bin/../lib/gcc/arm-none-eabi/5.4.1/../../../../arm-none-eabi/lib/armv7-m/libc_nano.a(lib_a-nano-vfprintf_i.o)
 *fill*         0x00000000080118cb        0x5 
 .rodata.atanlo
                0x00000000080118d0       0x20 /usr/local/gcc_arm/gcc-arm-none-eabi-5_4-2016q2/bin/../lib/gcc/arm-none-eabi/5.4.1/../../../../arm-none-eabi/lib/armv7-m/libm.a(lib_a-s_atan.o)
 .rodata.atanhi
                0x00000000080118f0       0x20 /usr/local/gcc_arm/gcc-arm-none-eabi-5_4-2016q2/bin/../lib/gcc/arm-none-eabi/5.4.1/../../../../arm-none-eabi/lib/armv7-m/libm.a(lib_a-s_atan.o)
                0x0000000008011910                . = ALIGN (0x4)

.rel.dyn        0x0000000008011910        0x0
 .rel.iplt      0x0000000008011910        0x0 /usr/local/gcc_arm/gcc-arm-none-eabi-5_4-2016q2/bin/../lib/gcc/arm-none-eabi/5.4.1/armv7-m/crtbegin.o

.ARM.extab
 *(.ARM.extab* .gnu.linkonce.armextab.*)

.ARM            0x0000000008011910        0x0
                0x0000000008011910                __exidx_start = .
 *(.ARM.exidx*)
                0x0000000008011910                __exidx_end = .

.preinit_array  0x0000000008011910        0x0
                0x0000000008011910                PROVIDE (__preinit_array_start, .)
 *(.preinit_array*)
                0x0000000008011910                PROVIDE (__preinit_array_end, .)

.init_array     0x0000000008011910        0x4
                0x0000000008011910                PROVIDE (__init_array_start, .)
 *(SORT(.init_array.*))
 *(.init_array*)
 .init_array    0x0000000008011910        0x4 /usr/local/gcc_arm/gcc-arm-none-eabi-5_4-2016q2/bin/../lib/gcc/arm-none-eabi/5.4.1/armv7-m/crtbegin.o
                0x0000000008011914                PROVIDE (__init_array_end, .)

.fini_array     0x0000000008011914        0x4
                [!provide]                        PROVIDE (__fini_array_start, .)
 *(SORT(.fini_array.*))
 *(.fini_array*)
 .fini_array    0x0000000008011914        0x4 /usr/local/gcc_arm/gcc-arm-none-eabi-5_4-2016q2/bin/../lib/gcc/arm-none-eabi/5.4.1/armv7-m/crtbegin.o
                [!provide]                        PROVIDE (__fini_array_end, .)
                0x0000000008011918                _sidata = LOADADDR (.data)

.data           0x0000000020000000       0x70 load address 0x0000000008011918
                0x0000000020000000                . = ALIGN (0x4)
                0x0000000020000000                _sdata = .
 *(.data)
 *(.data*)
 .data.SystemCoreClock
                0x0000000020000000        0x4 build/system_stm32f1xx.o
                0x0000000020000000                SystemCoreClock
 .data.outBuffer
                0x0000000020000004        0x4 build/main.o
                0x0000000020000004                outBuffer
 .data.enh      0x0000000020000008        0x4 build/main.o
                0x0000000020000008                enh
 .data.impure_data
                0x000000002000000c       0x60 /usr/local/gcc_arm/gcc-arm-none-eabi-5_4-2016q2/bin/../lib/gcc/arm-none-eabi/5.4.1/../../../../arm-none-eabi/lib/armv7-m/libc_nano.a(lib_a-impure.o)
 .data._impure_ptr
                0x000000002000006c        0x4 /usr/local/gcc_arm/gcc-arm-none-eabi-5_4-2016q2/bin/../lib/gcc/arm-none-eabi/5.4.1/../../../../arm-none-eabi/lib/armv7-m/libc_nano.a(lib_a-impure.o)
                0x000000002000006c                _impure_ptr
                0x0000000020000070                . = ALIGN (0x4)
                0x0000000020000070                _edata = .

.jcr            0x0000000020000070        0x0 load address 0x0000000008011988
 .jcr           0x0000000020000070        0x0 /usr/local/gcc_arm/gcc-arm-none-eabi-5_4-2016q2/bin/../lib/gcc/arm-none-eabi/5.4.1/armv7-m/crtbegin.o

.igot.plt       0x0000000020000070        0x0 load address 0x0000000008011988
 .igot.plt      0x0000000020000070        0x0 /usr/local/gcc_arm/gcc-arm-none-eabi-5_4-2016q2/bin/../lib/gcc/arm-none-eabi/5.4.1/armv7-m/crtbegin.o
                0x0000000020000070                . = ALIGN (0x4)

.bss            0x0000000020000070      0x3d4 load address 0x0000000008011988
                0x0000000020000070                _sbss = .
                0x0000000020000070                __bss_start__ = _sbss
 *(.bss)
 .bss           0x0000000020000070       0x1c /usr/local/gcc_arm/gcc-arm-none-eabi-5_4-2016q2/bin/../lib/gcc/arm-none-eabi/5.4.1/armv7-m/crtbegin.o
 *(.bss*)
 .bss.uwTick    0x000000002000008c        0x4 build/stm32f1xx_hal.o
 .bss.Start_Decoding
                0x0000000020000090        0x1 build/main.o
                0x0000000020000090                Start_Decoding
 *fill*         0x0000000020000091        0x1 
 .bss.NB_Frames
                0x0000000020000092        0x2 build/main.o
                0x0000000020000092                NB_Frames
 .bss.MAG3110_XOFF
                0x0000000020000094        0x4 build/main.o
                0x0000000020000094                MAG3110_XOFF
 .bss.MAG3110_YOFF
                0x0000000020000098        0x4 build/main.o
                0x0000000020000098                MAG3110_YOFF
 .bss.MAG3110_XMax
                0x000000002000009c        0x4 build/main.o
                0x000000002000009c                MAG3110_XMax
 .bss.MAG3110_YMax
                0x00000000200000a0        0x4 build/main.o
                0x00000000200000a0                MAG3110_YMax
 .bss.MAG3110_XMin
                0x00000000200000a4        0x4 build/main.o
                0x00000000200000a4                MAG3110_XMin
 .bss.MAG3110_YMin
                0x00000000200000a8        0x4 build/main.o
                0x00000000200000a8                MAG3110_YMin
 .bss.MAG3110_XData
                0x00000000200000ac        0x4 build/main.o
                0x00000000200000ac                MAG3110_XData
 .bss.MAG3110_YData
                0x00000000200000b0        0x4 build/main.o
                0x00000000200000b0                MAG3110_YData
 .bss.First_Flag.7360
                0x00000000200000b4        0x1 build/main.o
 *fill*         0x00000000200000b5        0x3 
 .bss.__malloc_sbrk_start
                0x00000000200000b8        0x4 /usr/local/gcc_arm/gcc-arm-none-eabi-5_4-2016q2/bin/../lib/gcc/arm-none-eabi/5.4.1/../../../../arm-none-eabi/lib/armv7-m/libc_nano.a(lib_a-nano-mallocr.o)
                0x00000000200000b8                __malloc_sbrk_start
 .bss.__malloc_free_list
                0x00000000200000bc        0x4 /usr/local/gcc_arm/gcc-arm-none-eabi-5_4-2016q2/bin/../lib/gcc/arm-none-eabi/5.4.1/../../../../arm-none-eabi/lib/armv7-m/libc_nano.a(lib_a-nano-mallocr.o)
                0x00000000200000bc                __malloc_free_list
 .bss.heap_end.4167
                0x00000000200000c0        0x4 /usr/local/gcc_arm/gcc-arm-none-eabi-5_4-2016q2/bin/../lib/gcc/arm-none-eabi/5.4.1/../../../../arm-none-eabi/lib/armv7-m/libnosys.a(sbrk.o)
 *(COMMON)
 COMMON         0x00000000200000c4      0x37c build/main.o
                0x00000000200000c4                dec_state
                0x00000000200000c8                hi2c1
                0x0000000020000104                xBuffer
                0x0000000020000108                bits
                0x000000002000012c                htim3
                0x0000000020000168                ang
                0x000000002000016c                enc_state
                0x0000000020000170                input_bytes
                0x0000000020000184                htim2
                0x00000000200001c0                OUT_Buffer
 COMMON         0x0000000020000440        0x4 /usr/local/gcc_arm/gcc-arm-none-eabi-5_4-2016q2/bin/../lib/gcc/arm-none-eabi/5.4.1/../../../../arm-none-eabi/lib/armv7-m/libc_nano.a(lib_a-reent.o)
                0x0000000020000440                errno
                0x0000000020000444                . = ALIGN (0x4)
                0x0000000020000444                _ebss = .
                0x0000000020000444                __bss_end__ = _ebss

._user_heap_stack
                0x0000000020000444      0x604 load address 0x0000000008011988
                0x0000000020000448                . = ALIGN (0x8)
 *fill*         0x0000000020000444        0x4 
                0x0000000020000448                PROVIDE (end, .)
                [!provide]                        PROVIDE (_end, .)
                0x0000000020000648                . = (. + _Min_Heap_Size)
 *fill*         0x0000000020000448      0x200 
                0x0000000020000a48                . = (. + _Min_Stack_Size)
 *fill*         0x0000000020000648      0x400 
                0x0000000020000a48                . = ALIGN (0x8)

/DISCARD/
 libc.a(*)
 libm.a(*)
 libgcc.a(*)

.ARM.attributes
                0x0000000000000000       0x29
 *(.ARM.attributes)
 .ARM.attributes
                0x0000000000000000       0x1d /usr/local/gcc_arm/gcc-arm-none-eabi-5_4-2016q2/bin/../lib/gcc/arm-none-eabi/5.4.1/armv7-m/crti.o
 .ARM.attributes
                0x000000000000001d       0x2d /usr/local/gcc_arm/gcc-arm-none-eabi-5_4-2016q2/bin/../lib/gcc/arm-none-eabi/5.4.1/armv7-m/crtbegin.o
 .ARM.attributes
                0x000000000000004a       0x33 build/system_stm32f1xx.o
 .ARM.attributes
                0x000000000000007d       0x33 build/stm32f1xx_hal.o
 .ARM.attributes
                0x00000000000000b0       0x33 build/stm32f1xx_hal_cortex.o
 .ARM.attributes
                0x00000000000000e3       0x33 build/stm32f1xx_hal_gpio.o
 .ARM.attributes
                0x0000000000000116       0x33 build/stm32f1xx_hal_rcc.o
 .ARM.attributes
                0x0000000000000149       0x33 build/stm32f1xx_hal_tim.o
 .ARM.attributes
                0x000000000000017c       0x33 build/stm32f1xx_hal_tim_ex.o
 .ARM.attributes
                0x00000000000001af       0x33 build/stm32f1xx_hal_i2c.o
 .ARM.attributes
                0x00000000000001e2       0x33 build/main.o
 .ARM.attributes
                0x0000000000000215       0x33 build/stm32f1xx_hal_msp.o
 .ARM.attributes
                0x0000000000000248       0x33 build/stm32f1xx_it.o
 .ARM.attributes
                0x000000000000027b       0x33 build/bits.o
 .ARM.attributes
                0x00000000000002ae       0x33 build/exc_10_32_table.o
 .ARM.attributes
                0x00000000000002e1       0x33 build/gain_table_lbr.o
 .ARM.attributes
                0x0000000000000314       0x33 build/lpc.o
 .ARM.attributes
                0x0000000000000347       0x33 build/lsp.o
 .ARM.attributes
                0x000000000000037a       0x33 build/lsp_tables_nb.o
 .ARM.attributes
                0x00000000000003ad       0x33 build/speex.o
 .ARM.attributes
                0x00000000000003e0       0x33 build/speex_callbacks.o
 .ARM.attributes
                0x0000000000000413       0x33 build/window.o
 .ARM.attributes
                0x0000000000000446       0x33 build/cb_search.o
 .ARM.attributes
                0x0000000000000479       0x33 build/filters.o
 .ARM.attributes
                0x00000000000004ac       0x33 build/ltp.o
 .ARM.attributes
                0x00000000000004df       0x33 build/modes.o
 .ARM.attributes
                0x0000000000000512       0x33 build/nb_celp.o
 .ARM.attributes
                0x0000000000000545       0x33 build/quant_lsp.o
 .ARM.attributes
                0x0000000000000578       0x33 build/vq.o
 .ARM.attributes
                0x00000000000005ab       0x21 build/startup_stm32f103xb.o
 .ARM.attributes
                0x00000000000005cc       0x21 build/filters_cortexM3.o
 .ARM.attributes
                0x00000000000005ed       0x21 build/ltp_cortexM3.o
 .ARM.attributes
                0x000000000000060e       0x21 build/vq_cortexm3.o
 .ARM.attributes
                0x000000000000062f       0x2d /usr/local/gcc_arm/gcc-arm-none-eabi-5_4-2016q2/bin/../lib/gcc/arm-none-eabi/5.4.1/../../../../arm-none-eabi/lib/armv7-m/libc_nano.a(lib_a-calloc.o)
 .ARM.attributes
                0x000000000000065c       0x2d /usr/local/gcc_arm/gcc-arm-none-eabi-5_4-2016q2/bin/../lib/gcc/arm-none-eabi/5.4.1/../../../../arm-none-eabi/lib/armv7-m/libc_nano.a(lib_a-impure.o)
 .ARM.attributes
                0x0000000000000689       0x2d /usr/local/gcc_arm/gcc-arm-none-eabi-5_4-2016q2/bin/../lib/gcc/arm-none-eabi/5.4.1/../../../../arm-none-eabi/lib/armv7-m/libc_nano.a(lib_a-init.o)
 .ARM.attributes
                0x00000000000006b6       0x2d /usr/local/gcc_arm/gcc-arm-none-eabi-5_4-2016q2/bin/../lib/gcc/arm-none-eabi/5.4.1/../../../../arm-none-eabi/lib/armv7-m/libc_nano.a(lib_a-malloc.o)
 .ARM.attributes
                0x00000000000006e3       0x2d /usr/local/gcc_arm/gcc-arm-none-eabi-5_4-2016q2/bin/../lib/gcc/arm-none-eabi/5.4.1/../../../../arm-none-eabi/lib/armv7-m/libc_nano.a(lib_a-memcpy-stub.o)
 .ARM.attributes
                0x0000000000000710       0x2d /usr/local/gcc_arm/gcc-arm-none-eabi-5_4-2016q2/bin/../lib/gcc/arm-none-eabi/5.4.1/../../../../arm-none-eabi/lib/armv7-m/libc_nano.a(lib_a-memmove.o)
 .ARM.attributes
                0x000000000000073d       0x2d /usr/local/gcc_arm/gcc-arm-none-eabi-5_4-2016q2/bin/../lib/gcc/arm-none-eabi/5.4.1/../../../../arm-none-eabi/lib/armv7-m/libc_nano.a(lib_a-memset.o)
 .ARM.attributes
                0x000000000000076a       0x2d /usr/local/gcc_arm/gcc-arm-none-eabi-5_4-2016q2/bin/../lib/gcc/arm-none-eabi/5.4.1/../../../../arm-none-eabi/lib/armv7-m/libc_nano.a(lib_a-nano-callocr.o)
 .ARM.attributes
                0x0000000000000797       0x2d /usr/local/gcc_arm/gcc-arm-none-eabi-5_4-2016q2/bin/../lib/gcc/arm-none-eabi/5.4.1/../../../../arm-none-eabi/lib/armv7-m/libc_nano.a(lib_a-nano-freer.o)
 .ARM.attributes
                0x00000000000007c4       0x2d /usr/local/gcc_arm/gcc-arm-none-eabi-5_4-2016q2/bin/../lib/gcc/arm-none-eabi/5.4.1/../../../../arm-none-eabi/lib/armv7-m/libc_nano.a(lib_a-nano-mallocr.o)
 .ARM.attributes
                0x00000000000007f1       0x2d /usr/local/gcc_arm/gcc-arm-none-eabi-5_4-2016q2/bin/../lib/gcc/arm-none-eabi/5.4.1/../../../../arm-none-eabi/lib/armv7-m/libc_nano.a(lib_a-printf.o)
 .ARM.attributes
                0x000000000000081e       0x2d /usr/local/gcc_arm/gcc-arm-none-eabi-5_4-2016q2/bin/../lib/gcc/arm-none-eabi/5.4.1/../../../../arm-none-eabi/lib/armv7-m/libc_nano.a(lib_a-realloc.o)
 .ARM.attributes
                0x000000000000084b       0x2d /usr/local/gcc_arm/gcc-arm-none-eabi-5_4-2016q2/bin/../lib/gcc/arm-none-eabi/5.4.1/../../../../arm-none-eabi/lib/armv7-m/libc_nano.a(lib_a-sbrkr.o)
 .ARM.attributes
                0x0000000000000878       0x2d /usr/local/gcc_arm/gcc-arm-none-eabi-5_4-2016q2/bin/../lib/gcc/arm-none-eabi/5.4.1/../../../../arm-none-eabi/lib/armv7-m/libc_nano.a(lib_a-findfp.o)
 .ARM.attributes
                0x00000000000008a5       0x2d /usr/local/gcc_arm/gcc-arm-none-eabi-5_4-2016q2/bin/../lib/gcc/arm-none-eabi/5.4.1/../../../../arm-none-eabi/lib/armv7-m/libc_nano.a(lib_a-fwalk.o)
 .ARM.attributes
                0x00000000000008d2       0x2d /usr/local/gcc_arm/gcc-arm-none-eabi-5_4-2016q2/bin/../lib/gcc/arm-none-eabi/5.4.1/../../../../arm-none-eabi/lib/armv7-m/libc_nano.a(lib_a-mlock.o)
 .ARM.attributes
                0x00000000000008ff       0x2d /usr/local/gcc_arm/gcc-arm-none-eabi-5_4-2016q2/bin/../lib/gcc/arm-none-eabi/5.4.1/../../../../arm-none-eabi/lib/armv7-m/libc_nano.a(lib_a-nano-reallocr.o)
 .ARM.attributes
                0x000000000000092c       0x2d /usr/local/gcc_arm/gcc-arm-none-eabi-5_4-2016q2/bin/../lib/gcc/arm-none-eabi/5.4.1/../../../../arm-none-eabi/lib/armv7-m/libc_nano.a(lib_a-nano-vfprintf.o)
 .ARM.attributes
                0x0000000000000959       0x2d /usr/local/gcc_arm/gcc-arm-none-eabi-5_4-2016q2/bin/../lib/gcc/arm-none-eabi/5.4.1/../../../../arm-none-eabi/lib/armv7-m/libc_nano.a(lib_a-nano-vfprintf_i.o)
 .ARM.attributes
                0x0000000000000986       0x2d /usr/local/gcc_arm/gcc-arm-none-eabi-5_4-2016q2/bin/../lib/gcc/arm-none-eabi/5.4.1/../../../../arm-none-eabi/lib/armv7-m/libc_nano.a(lib_a-reent.o)
 .ARM.attributes
                0x00000000000009b3       0x2d /usr/local/gcc_arm/gcc-arm-none-eabi-5_4-2016q2/bin/../lib/gcc/arm-none-eabi/5.4.1/../../../../arm-none-eabi/lib/armv7-m/libc_nano.a(lib_a-stdio.o)
 .ARM.attributes
                0x00000000000009e0       0x2d /usr/local/gcc_arm/gcc-arm-none-eabi-5_4-2016q2/bin/../lib/gcc/arm-none-eabi/5.4.1/../../../../arm-none-eabi/lib/armv7-m/libc_nano.a(lib_a-wbuf.o)
 .ARM.attributes
                0x0000000000000a0d       0x2d /usr/local/gcc_arm/gcc-arm-none-eabi-5_4-2016q2/bin/../lib/gcc/arm-none-eabi/5.4.1/../../../../arm-none-eabi/lib/armv7-m/libc_nano.a(lib_a-writer.o)
 .ARM.attributes
                0x0000000000000a3a       0x2d /usr/local/gcc_arm/gcc-arm-none-eabi-5_4-2016q2/bin/../lib/gcc/arm-none-eabi/5.4.1/../../../../arm-none-eabi/lib/armv7-m/libc_nano.a(lib_a-wsetup.o)
 .ARM.attributes
                0x0000000000000a67       0x2d /usr/local/gcc_arm/gcc-arm-none-eabi-5_4-2016q2/bin/../lib/gcc/arm-none-eabi/5.4.1/../../../../arm-none-eabi/lib/armv7-m/libc_nano.a(lib_a-closer.o)
 .ARM.attributes
                0x0000000000000a94       0x2d /usr/local/gcc_arm/gcc-arm-none-eabi-5_4-2016q2/bin/../lib/gcc/arm-none-eabi/5.4.1/../../../../arm-none-eabi/lib/armv7-m/libc_nano.a(lib_a-fflush.o)
 .ARM.attributes
                0x0000000000000ac1       0x2d /usr/local/gcc_arm/gcc-arm-none-eabi-5_4-2016q2/bin/../lib/gcc/arm-none-eabi/5.4.1/../../../../arm-none-eabi/lib/armv7-m/libc_nano.a(lib_a-lseekr.o)
 .ARM.attributes
                0x0000000000000aee       0x2d /usr/local/gcc_arm/gcc-arm-none-eabi-5_4-2016q2/bin/../lib/gcc/arm-none-eabi/5.4.1/../../../../arm-none-eabi/lib/armv7-m/libc_nano.a(lib_a-makebuf.o)
 .ARM.attributes
                0x0000000000000b1b       0x2d /usr/local/gcc_arm/gcc-arm-none-eabi-5_4-2016q2/bin/../lib/gcc/arm-none-eabi/5.4.1/../../../../arm-none-eabi/lib/armv7-m/libc_nano.a(lib_a-memchr-stub.o)
 .ARM.attributes
                0x0000000000000b48       0x2d /usr/local/gcc_arm/gcc-arm-none-eabi-5_4-2016q2/bin/../lib/gcc/arm-none-eabi/5.4.1/../../../../arm-none-eabi/lib/armv7-m/libc_nano.a(lib_a-nano-msizer.o)
 .ARM.attributes
                0x0000000000000b75       0x2d /usr/local/gcc_arm/gcc-arm-none-eabi-5_4-2016q2/bin/../lib/gcc/arm-none-eabi/5.4.1/../../../../arm-none-eabi/lib/armv7-m/libc_nano.a(lib_a-readr.o)
 .ARM.attributes
                0x0000000000000ba2       0x2d /usr/local/gcc_arm/gcc-arm-none-eabi-5_4-2016q2/bin/../lib/gcc/arm-none-eabi/5.4.1/../../../../arm-none-eabi/lib/armv7-m/libc_nano.a(lib_a-fstatr.o)
 .ARM.attributes
                0x0000000000000bcf       0x2d /usr/local/gcc_arm/gcc-arm-none-eabi-5_4-2016q2/bin/../lib/gcc/arm-none-eabi/5.4.1/../../../../arm-none-eabi/lib/armv7-m/libc_nano.a(lib_a-isattyr.o)
 .ARM.attributes
                0x0000000000000bfc       0x2d /usr/local/gcc_arm/gcc-arm-none-eabi-5_4-2016q2/bin/../lib/gcc/arm-none-eabi/5.4.1/../../../../arm-none-eabi/lib/armv7-m/libm.a(lib_a-s_atan.o)
 .ARM.attributes
                0x0000000000000c29       0x2d /usr/local/gcc_arm/gcc-arm-none-eabi-5_4-2016q2/bin/../lib/gcc/arm-none-eabi/5.4.1/../../../../arm-none-eabi/lib/armv7-m/libm.a(lib_a-s_fabs.o)
 .ARM.attributes
                0x0000000000000c56       0x2d /usr/local/gcc_arm/gcc-arm-none-eabi-5_4-2016q2/bin/../lib/gcc/arm-none-eabi/5.4.1/../../../../arm-none-eabi/lib/armv7-m/libnosys.a(close.o)
 .ARM.attributes
                0x0000000000000c83       0x2d /usr/local/gcc_arm/gcc-arm-none-eabi-5_4-2016q2/bin/../lib/gcc/arm-none-eabi/5.4.1/../../../../arm-none-eabi/lib/armv7-m/libnosys.a(fstat.o)
 .ARM.attributes
                0x0000000000000cb0       0x2d /usr/local/gcc_arm/gcc-arm-none-eabi-5_4-2016q2/bin/../lib/gcc/arm-none-eabi/5.4.1/../../../../arm-none-eabi/lib/armv7-m/libnosys.a(isatty.o)
 .ARM.attributes
                0x0000000000000cdd       0x2d /usr/local/gcc_arm/gcc-arm-none-eabi-5_4-2016q2/bin/../lib/gcc/arm-none-eabi/5.4.1/../../../../arm-none-eabi/lib/armv7-m/libnosys.a(lseek.o)
 .ARM.attributes
                0x0000000000000d0a       0x2d /usr/local/gcc_arm/gcc-arm-none-eabi-5_4-2016q2/bin/../lib/gcc/arm-none-eabi/5.4.1/../../../../arm-none-eabi/lib/armv7-m/libnosys.a(read.o)
 .ARM.attributes
                0x0000000000000d37       0x2d /usr/local/gcc_arm/gcc-arm-none-eabi-5_4-2016q2/bin/../lib/gcc/arm-none-eabi/5.4.1/../../../../arm-none-eabi/lib/armv7-m/libnosys.a(sbrk.o)
 .ARM.attributes
                0x0000000000000d64       0x2d /usr/local/gcc_arm/gcc-arm-none-eabi-5_4-2016q2/bin/../lib/gcc/arm-none-eabi/5.4.1/../../../../arm-none-eabi/lib/armv7-m/libnosys.a(write.o)
 .ARM.attributes
                0x0000000000000d91       0x1d /usr/local/gcc_arm/gcc-arm-none-eabi-5_4-2016q2/bin/../lib/gcc/arm-none-eabi/5.4.1/armv7-m/libgcc.a(_arm_addsubdf3.o)
 .ARM.attributes
                0x0000000000000dae       0x1d /usr/local/gcc_arm/gcc-arm-none-eabi-5_4-2016q2/bin/../lib/gcc/arm-none-eabi/5.4.1/armv7-m/libgcc.a(_arm_muldivdf3.o)
 .ARM.attributes
                0x0000000000000dcb       0x1d /usr/local/gcc_arm/gcc-arm-none-eabi-5_4-2016q2/bin/../lib/gcc/arm-none-eabi/5.4.1/armv7-m/libgcc.a(_arm_cmpdf2.o)
 .ARM.attributes
                0x0000000000000de8       0x1d /usr/local/gcc_arm/gcc-arm-none-eabi-5_4-2016q2/bin/../lib/gcc/arm-none-eabi/5.4.1/armv7-m/libgcc.a(_arm_fixdfsi.o)
 .ARM.attributes
                0x0000000000000e05       0x1d /usr/local/gcc_arm/gcc-arm-none-eabi-5_4-2016q2/bin/../lib/gcc/arm-none-eabi/5.4.1/armv7-m/libgcc.a(_arm_addsubsf3.o)
 .ARM.attributes
                0x0000000000000e22       0x1d /usr/local/gcc_arm/gcc-arm-none-eabi-5_4-2016q2/bin/../lib/gcc/arm-none-eabi/5.4.1/armv7-m/libgcc.a(_arm_muldivsf3.o)
 .ARM.attributes
                0x0000000000000e3f       0x1d /usr/local/gcc_arm/gcc-arm-none-eabi-5_4-2016q2/bin/../lib/gcc/arm-none-eabi/5.4.1/armv7-m/crtn.o
OUTPUT(build/SpeexTest.elf elf32-littlearm)

.debug_info     0x0000000000000000    0x11eb2
 .debug_info    0x0000000000000000      0x42f build/system_stm32f1xx.o
 .debug_info    0x000000000000042f      0x674 build/stm32f1xx_hal.o
 .debug_info    0x0000000000000aa3      0xb92 build/stm32f1xx_hal_cortex.o
 .debug_info    0x0000000000001635      0x65c build/stm32f1xx_hal_gpio.o
 .debug_info    0x0000000000001c91     0x14a5 build/stm32f1xx_hal_rcc.o
 .debug_info    0x0000000000003136     0x23c9 build/stm32f1xx_hal_tim.o
 .debug_info    0x00000000000054ff      0xfe6 build/stm32f1xx_hal_tim_ex.o
 .debug_info    0x00000000000064e5     0x1c53 build/stm32f1xx_hal_i2c.o
 .debug_info    0x0000000000008138     0x1646 build/main.o
 .debug_info    0x000000000000977e      0xcc4 build/stm32f1xx_hal_msp.o
 .debug_info    0x000000000000a442      0x16d build/stm32f1xx_it.o
 .debug_info    0x000000000000a5af      0x7e9 build/bits.o
 .debug_info    0x000000000000ad98       0x59 build/exc_10_32_table.o
 .debug_info    0x000000000000adf1       0x58 build/gain_table_lbr.o
 .debug_info    0x000000000000ae49      0x1d7 build/lpc.o
 .debug_info    0x000000000000b020      0x6a3 build/lsp.o
 .debug_info    0x000000000000b6c3       0xc7 build/lsp_tables_nb.o
 .debug_info    0x000000000000b78a      0xa8e build/speex.o
 .debug_info    0x000000000000c218      0x437 build/speex_callbacks.o
 .debug_info    0x000000000000c64f       0xaa build/window.o
 .debug_info    0x000000000000c6f9      0x91f build/cb_search.o
 .debug_info    0x000000000000d018      0xeb5 build/filters.o
 .debug_info    0x000000000000decd      0xf1e build/ltp.o
 .debug_info    0x000000000000edeb      0x8bd build/modes.o
 .debug_info    0x000000000000f6a8     0x1bdd build/nb_celp.o
 .debug_info    0x0000000000011285      0x79c build/quant_lsp.o
 .debug_info    0x0000000000011a21      0x23b build/vq.o
 .debug_info    0x0000000000011c5c       0xa3 build/startup_stm32f103xb.o
 .debug_info    0x0000000000011cff       0x94 build/filters_cortexM3.o
 .debug_info    0x0000000000011d93       0x90 build/ltp_cortexM3.o
 .debug_info    0x0000000000011e23       0x8f build/vq_cortexm3.o

.debug_abbrev   0x0000000000000000     0x2851
 .debug_abbrev  0x0000000000000000      0x124 build/system_stm32f1xx.o
 .debug_abbrev  0x0000000000000124      0x1fa build/stm32f1xx_hal.o
 .debug_abbrev  0x000000000000031e      0x254 build/stm32f1xx_hal_cortex.o
 .debug_abbrev  0x0000000000000572      0x1ae build/stm32f1xx_hal_gpio.o
 .debug_abbrev  0x0000000000000720      0x278 build/stm32f1xx_hal_rcc.o
 .debug_abbrev  0x0000000000000998      0x20a build/stm32f1xx_hal_tim.o
 .debug_abbrev  0x0000000000000ba2      0x201 build/stm32f1xx_hal_tim_ex.o
 .debug_abbrev  0x0000000000000da3      0x20c build/stm32f1xx_hal_i2c.o
 .debug_abbrev  0x0000000000000faf      0x30e build/main.o
 .debug_abbrev  0x00000000000012bd      0x180 build/stm32f1xx_hal_msp.o
 .debug_abbrev  0x000000000000143d       0x81 build/stm32f1xx_it.o
 .debug_abbrev  0x00000000000014be      0x21a build/bits.o
 .debug_abbrev  0x00000000000016d8       0x45 build/exc_10_32_table.o
 .debug_abbrev  0x000000000000171d       0x45 build/gain_table_lbr.o
 .debug_abbrev  0x0000000000001762       0xb5 build/lpc.o
 .debug_abbrev  0x0000000000001817      0x15f build/lsp.o
 .debug_abbrev  0x0000000000001976       0x56 build/lsp_tables_nb.o
 .debug_abbrev  0x00000000000019cc      0x16f build/speex.o
 .debug_abbrev  0x0000000000001b3b       0xe5 build/speex_callbacks.o
 .debug_abbrev  0x0000000000001c20       0x5d build/window.o
 .debug_abbrev  0x0000000000001c7d      0x196 build/cb_search.o
 .debug_abbrev  0x0000000000001e13      0x1ce build/filters.o
 .debug_abbrev  0x0000000000001fe1      0x1f0 build/ltp.o
 .debug_abbrev  0x00000000000021d1      0x148 build/modes.o
 .debug_abbrev  0x0000000000002319      0x29e build/nb_celp.o
 .debug_abbrev  0x00000000000025b7      0x188 build/quant_lsp.o
 .debug_abbrev  0x000000000000273f       0xc4 build/vq.o
 .debug_abbrev  0x0000000000002803       0x12 build/startup_stm32f103xb.o
 .debug_abbrev  0x0000000000002815       0x14 build/filters_cortexM3.o
 .debug_abbrev  0x0000000000002829       0x14 build/ltp_cortexM3.o
 .debug_abbrev  0x000000000000283d       0x14 build/vq_cortexm3.o

.debug_loc      0x0000000000000000     0x8ace
 .debug_loc     0x0000000000000000       0xa0 build/system_stm32f1xx.o
 .debug_loc     0x00000000000000a0      0x50c build/stm32f1xx_hal.o
 .debug_loc     0x00000000000005ac      0x8f8 build/stm32f1xx_hal_cortex.o
 .debug_loc     0x0000000000000ea4      0x2d4 build/stm32f1xx_hal_gpio.o
 .debug_loc     0x0000000000001178      0x472 build/stm32f1xx_hal_rcc.o
 .debug_loc     0x00000000000015ea     0x2348 build/stm32f1xx_hal_tim.o
 .debug_loc     0x0000000000003932      0xbc4 build/stm32f1xx_hal_tim_ex.o
 .debug_loc     0x00000000000044f6     0x14e4 build/stm32f1xx_hal_i2c.o
 .debug_loc     0x00000000000059da      0x45a build/main.o
 .debug_loc     0x0000000000005e34      0x298 build/stm32f1xx_hal_msp.o
 .debug_loc     0x00000000000060cc      0x1ec build/stm32f1xx_it.o
 .debug_loc     0x00000000000062b8      0x860 build/bits.o
 .debug_loc     0x0000000000006b18       0xb8 build/lpc.o
 .debug_loc     0x0000000000006bd0      0x310 build/lsp.o
 .debug_loc     0x0000000000006ee0      0x41c build/speex.o
 .debug_loc     0x00000000000072fc      0x230 build/speex_callbacks.o
 .debug_loc     0x000000000000752c      0x258 build/cb_search.o
 .debug_loc     0x0000000000007784      0x5d4 build/filters.o
 .debug_loc     0x0000000000007d58      0x342 build/ltp.o
 .debug_loc     0x000000000000809a       0x50 build/modes.o
 .debug_loc     0x00000000000080ea      0x5d9 build/nb_celp.o
 .debug_loc     0x00000000000086c3      0x2f7 build/quant_lsp.o
 .debug_loc     0x00000000000089ba      0x114 build/vq.o

.debug_aranges  0x0000000000000000     0x1090
 .debug_aranges
                0x0000000000000000       0x28 build/system_stm32f1xx.o
 .debug_aranges
                0x0000000000000028       0xb0 build/stm32f1xx_hal.o
 .debug_aranges
                0x00000000000000d8      0x100 build/stm32f1xx_hal_cortex.o
 .debug_aranges
                0x00000000000001d8       0x58 build/stm32f1xx_hal_gpio.o
 .debug_aranges
                0x0000000000000230       0x88 build/stm32f1xx_hal_rcc.o
 .debug_aranges
                0x00000000000002b8      0x368 build/stm32f1xx_hal_tim.o
 .debug_aranges
                0x0000000000000620      0x138 build/stm32f1xx_hal_tim_ex.o
 .debug_aranges
                0x0000000000000758      0x218 build/stm32f1xx_hal_i2c.o
 .debug_aranges
                0x0000000000000970       0x98 build/main.o
 .debug_aranges
                0x0000000000000a08       0x58 build/stm32f1xx_hal_msp.o
 .debug_aranges
                0x0000000000000a60       0x60 build/stm32f1xx_it.o
 .debug_aranges
                0x0000000000000ac0       0xe0 build/bits.o
 .debug_aranges
                0x0000000000000ba0       0x18 build/exc_10_32_table.o
 .debug_aranges
                0x0000000000000bb8       0x18 build/gain_table_lbr.o
 .debug_aranges
                0x0000000000000bd0       0x28 build/lpc.o
 .debug_aranges
                0x0000000000000bf8       0x60 build/lsp.o
 .debug_aranges
                0x0000000000000c58       0x18 build/lsp_tables_nb.o
 .debug_aranges
                0x0000000000000c70       0x80 build/speex.o
 .debug_aranges
                0x0000000000000cf0       0x50 build/speex_callbacks.o
 .debug_aranges
                0x0000000000000d40       0x18 build/window.o
 .debug_aranges
                0x0000000000000d58       0x50 build/cb_search.o
 .debug_aranges
                0x0000000000000da8       0xa0 build/filters.o
 .debug_aranges
                0x0000000000000e48       0x68 build/ltp.o
 .debug_aranges
                0x0000000000000eb0       0x20 build/modes.o
 .debug_aranges
                0x0000000000000ed0       0xa8 build/nb_celp.o
 .debug_aranges
                0x0000000000000f78       0x60 build/quant_lsp.o
 .debug_aranges
                0x0000000000000fd8       0x30 build/vq.o
 .debug_aranges
                0x0000000000001008       0x28 build/startup_stm32f103xb.o
 .debug_aranges
                0x0000000000001030       0x20 build/filters_cortexM3.o
 .debug_aranges
                0x0000000000001050       0x20 build/ltp_cortexM3.o
 .debug_aranges
                0x0000000000001070       0x20 build/vq_cortexm3.o

.debug_ranges   0x0000000000000000      0xe70
 .debug_ranges  0x0000000000000000       0x18 build/system_stm32f1xx.o
 .debug_ranges  0x0000000000000018       0xa0 build/stm32f1xx_hal.o
 .debug_ranges  0x00000000000000b8       0xf0 build/stm32f1xx_hal_cortex.o
 .debug_ranges  0x00000000000001a8       0x48 build/stm32f1xx_hal_gpio.o
 .debug_ranges  0x00000000000001f0       0x78 build/stm32f1xx_hal_rcc.o
 .debug_ranges  0x0000000000000268      0x358 build/stm32f1xx_hal_tim.o
 .debug_ranges  0x00000000000005c0      0x128 build/stm32f1xx_hal_tim_ex.o
 .debug_ranges  0x00000000000006e8      0x208 build/stm32f1xx_hal_i2c.o
 .debug_ranges  0x00000000000008f0       0x88 build/main.o
 .debug_ranges  0x0000000000000978       0x48 build/stm32f1xx_hal_msp.o
 .debug_ranges  0x00000000000009c0       0x50 build/stm32f1xx_it.o
 .debug_ranges  0x0000000000000a10       0xd0 build/bits.o
 .debug_ranges  0x0000000000000ae0       0x18 build/lpc.o
 .debug_ranges  0x0000000000000af8       0x50 build/lsp.o
 .debug_ranges  0x0000000000000b48       0x70 build/speex.o
 .debug_ranges  0x0000000000000bb8       0x40 build/speex_callbacks.o
 .debug_ranges  0x0000000000000bf8       0x40 build/cb_search.o
 .debug_ranges  0x0000000000000c38       0x90 build/filters.o
 .debug_ranges  0x0000000000000cc8       0x58 build/ltp.o
 .debug_ranges  0x0000000000000d20       0x10 build/modes.o
 .debug_ranges  0x0000000000000d30       0xb0 build/nb_celp.o
 .debug_ranges  0x0000000000000de0       0x50 build/quant_lsp.o
 .debug_ranges  0x0000000000000e30       0x20 build/vq.o
 .debug_ranges  0x0000000000000e50       0x20 build/startup_stm32f103xb.o

.debug_line     0x0000000000000000     0x82cf
 .debug_line    0x0000000000000000      0x1dc build/system_stm32f1xx.o
 .debug_line    0x00000000000001dc      0x329 build/stm32f1xx_hal.o
 .debug_line    0x0000000000000505      0x426 build/stm32f1xx_hal_cortex.o
 .debug_line    0x000000000000092b      0x3bf build/stm32f1xx_hal_gpio.o
 .debug_line    0x0000000000000cea      0xada build/stm32f1xx_hal_rcc.o
 .debug_line    0x00000000000017c4     0x115d build/stm32f1xx_hal_tim.o
 .debug_line    0x0000000000002921      0x796 build/stm32f1xx_hal_tim_ex.o
 .debug_line    0x00000000000030b7     0x10e4 build/stm32f1xx_hal_i2c.o
 .debug_line    0x000000000000419b      0x548 build/main.o
 .debug_line    0x00000000000046e3      0x293 build/stm32f1xx_hal_msp.o
 .debug_line    0x0000000000004976      0x1ba build/stm32f1xx_it.o
 .debug_line    0x0000000000004b30      0x340 build/bits.o
 .debug_line    0x0000000000004e70       0x4f build/exc_10_32_table.o
 .debug_line    0x0000000000004ebf       0x4e build/gain_table_lbr.o
 .debug_line    0x0000000000004f0d      0x14c build/lpc.o
 .debug_line    0x0000000000005059      0x3a2 build/lsp.o
 .debug_line    0x00000000000053fb       0x4d build/lsp_tables_nb.o
 .debug_line    0x0000000000005448      0x1c5 build/speex.o
 .debug_line    0x000000000000560d      0x12f build/speex_callbacks.o
 .debug_line    0x000000000000573c       0x72 build/window.o
 .debug_line    0x00000000000057ae      0x68a build/cb_search.o
 .debug_line    0x0000000000005e38      0x97d build/filters.o
 .debug_line    0x00000000000067b5      0x687 build/ltp.o
 .debug_line    0x0000000000006e3c       0xe4 build/modes.o
 .debug_line    0x0000000000006f20      0xaac build/nb_celp.o
 .debug_line    0x00000000000079cc      0x484 build/quant_lsp.o
 .debug_line    0x0000000000007e50      0x135 build/vq.o
 .debug_line    0x0000000000007f85       0xa9 build/startup_stm32f103xb.o
 .debug_line    0x000000000000802e      0x119 build/filters_cortexM3.o
 .debug_line    0x0000000000008147       0xf4 build/ltp_cortexM3.o
 .debug_line    0x000000000000823b       0x94 build/vq_cortexm3.o

.debug_str      0x0000000000000000     0x46a5
 .debug_str     0x0000000000000000      0x298 build/system_stm32f1xx.o
                                        0x2f0 (size before relaxing)
 .debug_str     0x0000000000000298      0x522 build/stm32f1xx_hal.o
                                        0x708 (size before relaxing)
 .debug_str     0x00000000000007ba      0x2c5 build/stm32f1xx_hal_cortex.o
                                        0x8bf (size before relaxing)
 .debug_str     0x0000000000000a7f      0x1cd build/stm32f1xx_hal_gpio.o
                                        0x41a (size before relaxing)
 .debug_str     0x0000000000000c4c      0x2f2 build/stm32f1xx_hal_rcc.o
                                        0x5e6 (size before relaxing)
 .debug_str     0x0000000000000f3e     0x1067 build/stm32f1xx_hal_tim.o
                                       0x12d0 (size before relaxing)
 .debug_str     0x0000000000001fa5      0x51c build/stm32f1xx_hal_tim_ex.o
                                        0xb65 (size before relaxing)
 .debug_str     0x00000000000024c1      0x858 build/stm32f1xx_hal_i2c.o
                                        0xc53 (size before relaxing)
 .debug_str     0x0000000000002d19      0x401 build/main.o
                                       0x10a6 (size before relaxing)
 .debug_str     0x000000000000311a       0x3f build/stm32f1xx_hal_msp.o
                                        0xb79 (size before relaxing)
 .debug_str     0x0000000000003159       0xa3 build/stm32f1xx_it.o
                                        0x225 (size before relaxing)
 .debug_str     0x00000000000031fc      0x23a build/bits.o
                                        0x407 (size before relaxing)
 .debug_str     0x0000000000003436       0x3f build/exc_10_32_table.o
                                        0x125 (size before relaxing)
 .debug_str     0x0000000000003475       0x3c build/gain_table_lbr.o
                                        0x122 (size before relaxing)
 .debug_str     0x00000000000034b1       0x7a build/lpc.o
                                        0x187 (size before relaxing)
 .debug_str     0x000000000000352b      0x130 build/lsp.o
                                        0x311 (size before relaxing)
 .debug_str     0x000000000000365b       0x6b build/lsp_tables_nb.o
                                        0x151 (size before relaxing)
 .debug_str     0x00000000000036c6      0x2d6 build/speex.o
                                        0x609 (size before relaxing)
 .debug_str     0x000000000000399c      0x13f build/speex_callbacks.o
                                        0x31e (size before relaxing)
 .debug_str     0x0000000000003adb       0x3c build/window.o
                                        0x159 (size before relaxing)
 .debug_str     0x0000000000003b17      0x16d build/cb_search.o
                                        0x3a7 (size before relaxing)
 .debug_str     0x0000000000003c84      0x21e build/filters.o
                                        0x432 (size before relaxing)
 .debug_str     0x0000000000003ea2      0x20d build/ltp.o
                                        0x4dc (size before relaxing)
 .debug_str     0x00000000000040af       0x67 build/modes.o
                                        0x5eb (size before relaxing)
 .debug_str     0x0000000000004116      0x45a build/nb_celp.o
                                        0xb1d (size before relaxing)
 .debug_str     0x0000000000004570       0xd1 build/quant_lsp.o
                                        0x358 (size before relaxing)
 .debug_str     0x0000000000004641       0x64 build/vq.o
                                        0x1bf (size before relaxing)

.comment        0x0000000000000000       0x6e
 .comment       0x0000000000000000       0x6e build/system_stm32f1xx.o
                                         0x6f (size before relaxing)
 .comment       0x000000000000006e       0x6f build/stm32f1xx_hal.o
 .comment       0x000000000000006e       0x6f build/stm32f1xx_hal_cortex.o
 .comment       0x000000000000006e       0x6f build/stm32f1xx_hal_gpio.o
 .comment       0x000000000000006e       0x6f build/stm32f1xx_hal_rcc.o
 .comment       0x000000000000006e       0x6f build/stm32f1xx_hal_tim.o
 .comment       0x000000000000006e       0x6f build/stm32f1xx_hal_tim_ex.o
 .comment       0x000000000000006e       0x6f build/stm32f1xx_hal_i2c.o
 .comment       0x000000000000006e       0x6f build/main.o